// Jest Snapshot v1, https://goo.gl/fbAQLP

exports[`../shared-fixtures/fixtures/jsx/invalid-embedded-expression.src.js parses with location information 1`] = `"'}' expected."`;
