// Jest Snapshot v1, https://goo.gl/fbAQLP

exports[`/Users/bradzacher/github/typescript-eslint/packages/shared-fixtures/fixtures/jsx/invalid-broken-tag.src.js parses with location information 1`] = `"Unterminated string literal."`;
