// Jest Snapshot v1, https://goo.gl/fbAQLP

exports[`/Users/bradzacher/github/typescript-eslint/packages/shared-fixtures/fixtures/javascript/modules/import-null-as-nil.src.js parses with location information 1`] = `
Object {
  "$id": 2,
  "block": Object {
    "range": Array [
      0,
      34,
    ],
    "type": "Program",
  },
  "childScopes": Array [
    Object {
      "$id": 1,
      "block": Object {
        "range": Array [
          0,
          34,
        ],
        "type": "Program",
      },
      "childScopes": Array [],
      "functionExpressionScope": false,
      "isStrict": true,
      "references": Array [],
      "throughReferences": Array [],
      "type": "module",
      "upperScope": Object {
        "$ref": 2,
      },
      "variableMap": Object {
        "nil": Object {
          "$ref": 0,
        },
      },
      "variableScope": Object {
        "$ref": 1,
      },
      "variables": Array [
        Object {
          "$id": 0,
          "defs": Array [
            Object {
              "name": Object {
                "name": "nil",
                "range": Array [
                  17,
                  20,
                ],
                "type": "Identifier",
              },
              "node": Object {
                "range": Array [
                  9,
                  20,
                ],
                "type": "ImportSpecifier",
              },
              "parent": Object {
                "range": Array [
                  0,
                  33,
                ],
                "type": "ImportDeclaration",
              },
              "type": "ImportBinding",
            },
          ],
          "eslintUsed": undefined,
          "identifiers": Array [
            Object {
              "name": "nil",
              "range": Array [
                17,
                20,
              ],
              "type": "Identifier",
            },
          ],
          "name": "nil",
          "references": Array [],
          "scope": Object {
            "$ref": 1,
          },
        },
      ],
    },
  ],
  "functionExpressionScope": false,
  "isStrict": false,
  "references": Array [],
  "throughReferences": Array [],
  "type": "global",
  "upperScope": null,
  "variableMap": Object {},
  "variableScope": Object {
    "$ref": 2,
  },
  "variables": Array [],
}
`;
