// Jest Snapshot v1, https://goo.gl/fbAQLP

exports[`/Users/bradzacher/github/typescript-eslint/packages/shared-fixtures/fixtures/jsx/invalid-mismatched-closing-tag.src.js parses without location information 1`] = `"Expected corresponding JSX closing tag for 'a'."`;
