// Jest Snapshot v1, https://goo.gl/fbAQLP

exports[`../shared-fixtures/fixtures/typescript/namespaces-and-modules/declare-namespace-with-exported-function.src.ts parses with location information 1`] = `
Object {
  "$id": 6,
  "block": Object {
    "range": Array [
      0,
      84,
    ],
    "type": "Program",
  },
  "childScopes": Array [
    Object {
      "$id": 5,
      "block": Object {
        "range": Array [
          0,
          84,
        ],
        "type": "Program",
      },
      "childScopes": Array [
        Object {
          "$id": 4,
          "block": Object {
            "range": Array [
              21,
              84,
            ],
            "type": "TSModuleBlock",
          },
          "childScopes": Array [
            Object {
              "$id": 3,
              "block": Object {
                "range": Array [
                  32,
                  82,
                ],
                "type": "TSDeclareFunction",
              },
              "childScopes": Array [],
              "functionExpressionScope": false,
              "isStrict": true,
              "references": Array [],
              "throughReferences": Array [],
              "type": "empty-function",
              "upperScope": Object {
                "$ref": 4,
              },
              "variableMap": Object {
                "selector": Object {
                  "$ref": 2,
                },
              },
              "variableScope": Object {
                "$ref": 5,
              },
              "variables": Array [
                Object {
                  "$id": 2,
                  "defs": Array [
                    Object {
                      "name": Object {
                        "name": "selector",
                        "range": Array [
                          48,
                          64,
                        ],
                        "type": "Identifier",
                      },
                      "node": Object {
                        "range": Array [
                          32,
                          82,
                        ],
                        "type": "TSDeclareFunction",
                      },
                      "parent": null,
                      "type": "Parameter",
                    },
                  ],
                  "eslintUsed": true,
                  "identifiers": Array [
                    Object {
                      "name": "selector",
                      "range": Array [
                        48,
                        64,
                      ],
                      "type": "Identifier",
                    },
                  ],
                  "name": "selector",
                  "references": Array [],
                  "scope": Object {
                    "$ref": 3,
                  },
                },
              ],
            },
          ],
          "functionExpressionScope": false,
          "isStrict": true,
          "references": Array [],
          "throughReferences": Array [],
          "type": "block",
          "upperScope": Object {
            "$ref": 5,
          },
          "variableMap": Object {
            "select": Object {
              "$ref": 1,
            },
          },
          "variableScope": Object {
            "$ref": 5,
          },
          "variables": Array [
            Object {
              "$id": 1,
              "defs": Array [
                Object {
                  "name": Object {
                    "name": "select",
                    "range": Array [
                      41,
                      47,
                    ],
                    "type": "Identifier",
                  },
                  "node": Object {
                    "range": Array [
                      32,
                      82,
                    ],
                    "type": "TSDeclareFunction",
                  },
                  "parent": null,
                  "type": "FunctionName",
                },
              ],
              "eslintUsed": undefined,
              "identifiers": Array [
                Object {
                  "name": "select",
                  "range": Array [
                    41,
                    47,
                  ],
                  "type": "Identifier",
                },
              ],
              "name": "select",
              "references": Array [],
              "scope": Object {
                "$ref": 4,
              },
            },
          ],
        },
      ],
      "functionExpressionScope": false,
      "isStrict": true,
      "references": Array [],
      "throughReferences": Array [],
      "type": "module",
      "upperScope": Object {
        "$ref": 6,
      },
      "variableMap": Object {
        "d3": Object {
          "$ref": 0,
        },
      },
      "variableScope": Object {
        "$ref": 5,
      },
      "variables": Array [
        Object {
          "$id": 0,
          "defs": Array [
            Object {
              "name": Object {
                "name": "d3",
                "range": Array [
                  18,
                  20,
                ],
                "type": "Identifier",
              },
              "node": Object {
                "range": Array [
                  0,
                  84,
                ],
                "type": "TSModuleDeclaration",
              },
              "parent": null,
              "type": "NamespaceName",
            },
          ],
          "eslintUsed": undefined,
          "identifiers": Array [
            Object {
              "name": "d3",
              "range": Array [
                18,
                20,
              ],
              "type": "Identifier",
            },
          ],
          "name": "d3",
          "references": Array [],
          "scope": Object {
            "$ref": 5,
          },
        },
      ],
    },
  ],
  "functionExpressionScope": false,
  "isStrict": false,
  "references": Array [],
  "throughReferences": Array [],
  "type": "global",
  "upperScope": null,
  "variableMap": Object {},
  "variableScope": Object {
    "$ref": 6,
  },
  "variables": Array [],
}
`;
