// Jest Snapshot v1, https://goo.gl/fbAQLP

exports[`../shared-fixtures/fixtures/javascript/templateStrings/expressions.src.js parses with location information 1`] = `
Object {
  "$id": 7,
  "block": Object {
    "range": Array [
      0,
      59,
    ],
    "type": "Program",
  },
  "childScopes": Array [
    Object {
      "$id": 6,
      "block": Object {
        "range": Array [
          0,
          59,
        ],
        "type": "Program",
      },
      "childScopes": Array [],
      "functionExpressionScope": false,
      "isStrict": true,
      "references": Array [
        Object {
          "$id": 2,
          "from": Object {
            "$ref": 6,
          },
          "identifier": Object {
            "name": "a",
            "range": Array [
              4,
              5,
            ],
            "type": "Identifier",
          },
          "kind": "w",
          "resolved": Object {
            "$ref": 0,
          },
          "writeExpr": Object {
            "range": Array [
              8,
              9,
            ],
            "type": "Literal",
          },
        },
        Object {
          "$id": 3,
          "from": Object {
            "$ref": 6,
          },
          "identifier": Object {
            "name": "b",
            "range": Array [
              15,
              16,
            ],
            "type": "Identifier",
          },
          "kind": "w",
          "resolved": Object {
            "$ref": 1,
          },
          "writeExpr": Object {
            "range": Array [
              19,
              25,
            ],
            "type": "Literal",
          },
        },
        Object {
          "$id": 4,
          "from": Object {
            "$ref": 6,
          },
          "identifier": Object {
            "name": "b",
            "range": Array [
              37,
              38,
            ],
            "type": "Identifier",
          },
          "kind": "r",
          "resolved": Object {
            "$ref": 1,
          },
          "writeExpr": undefined,
        },
        Object {
          "$id": 5,
          "from": Object {
            "$ref": 6,
          },
          "identifier": Object {
            "name": "a",
            "range": Array [
              51,
              52,
            ],
            "type": "Identifier",
          },
          "kind": "r",
          "resolved": Object {
            "$ref": 0,
          },
          "writeExpr": undefined,
        },
      ],
      "throughReferences": Array [],
      "type": "module",
      "upperScope": Object {
        "$ref": 7,
      },
      "variableMap": Object {
        "a": Object {
          "$ref": 0,
        },
        "b": Object {
          "$ref": 1,
        },
      },
      "variableScope": Object {
        "$ref": 6,
      },
      "variables": Array [
        Object {
          "$id": 0,
          "defs": Array [
            Object {
              "name": Object {
                "name": "a",
                "range": Array [
                  4,
                  5,
                ],
                "type": "Identifier",
              },
              "node": Object {
                "range": Array [
                  4,
                  9,
                ],
                "type": "VariableDeclarator",
              },
              "parent": Object {
                "range": Array [
                  0,
                  10,
                ],
                "type": "VariableDeclaration",
              },
              "type": "Variable",
            },
          ],
          "eslintUsed": undefined,
          "identifiers": Array [
            Object {
              "name": "a",
              "range": Array [
                4,
                5,
              ],
              "type": "Identifier",
            },
          ],
          "name": "a",
          "references": Array [
            Object {
              "$ref": 2,
            },
            Object {
              "$ref": 5,
            },
          ],
          "scope": Object {
            "$ref": 6,
          },
        },
        Object {
          "$id": 1,
          "defs": Array [
            Object {
              "name": Object {
                "name": "b",
                "range": Array [
                  15,
                  16,
                ],
                "type": "Identifier",
              },
              "node": Object {
                "range": Array [
                  15,
                  25,
                ],
                "type": "VariableDeclarator",
              },
              "parent": Object {
                "range": Array [
                  11,
                  26,
                ],
                "type": "VariableDeclaration",
              },
              "type": "Variable",
            },
          ],
          "eslintUsed": undefined,
          "identifiers": Array [
            Object {
              "name": "b",
              "range": Array [
                15,
                16,
              ],
              "type": "Identifier",
            },
          ],
          "name": "b",
          "references": Array [
            Object {
              "$ref": 3,
            },
            Object {
              "$ref": 4,
            },
          ],
          "scope": Object {
            "$ref": 6,
          },
        },
      ],
    },
  ],
  "functionExpressionScope": false,
  "isStrict": false,
  "references": Array [],
  "throughReferences": Array [],
  "type": "global",
  "upperScope": null,
  "variableMap": Object {},
  "variableScope": Object {
    "$ref": 7,
  },
  "variables": Array [],
}
`;
