// Jest Snapshot v1, https://goo.gl/fbAQLP

exports[`../shared-fixtures/fixtures/jsx/invalid-no-tag-name.src.js parses with location information 1`] = `"Declaration or statement expected."`;
