// Jest Snapshot v1, https://goo.gl/fbAQLP

exports[`/Users/bradzacher/github/typescript-eslint/packages/shared-fixtures/fixtures/comments/switch-no-default-comment.src.js parses with location information 1`] = `
Object {
  "$id": 3,
  "block": Object {
    "range": Array [
      0,
      59,
    ],
    "type": "Program",
  },
  "childScopes": Array [
    Object {
      "$id": 2,
      "block": Object {
        "range": Array [
          0,
          59,
        ],
        "type": "Program",
      },
      "childScopes": Array [
        Object {
          "$id": 1,
          "block": Object {
            "range": Array [
              0,
              58,
            ],
            "type": "SwitchStatement",
          },
          "childScopes": Array [],
          "functionExpressionScope": false,
          "isStrict": true,
          "references": Array [],
          "throughReferences": Array [],
          "type": "switch",
          "upperScope": Object {
            "$ref": 2,
          },
          "variableMap": Object {},
          "variableScope": Object {
            "$ref": 2,
          },
          "variables": Array [],
        },
      ],
      "functionExpressionScope": false,
      "isStrict": true,
      "references": Array [
        Object {
          "$id": 0,
          "from": Object {
            "$ref": 2,
          },
          "identifier": Object {
            "name": "a",
            "range": Array [
              8,
              9,
            ],
            "type": "Identifier",
          },
          "kind": "r",
          "resolved": null,
          "writeExpr": undefined,
        },
      ],
      "throughReferences": Array [
        Object {
          "$ref": 0,
        },
      ],
      "type": "module",
      "upperScope": Object {
        "$ref": 3,
      },
      "variableMap": Object {},
      "variableScope": Object {
        "$ref": 2,
      },
      "variables": Array [],
    },
  ],
  "functionExpressionScope": false,
  "isStrict": false,
  "references": Array [],
  "throughReferences": Array [
    Object {
      "$ref": 0,
    },
  ],
  "type": "global",
  "upperScope": null,
  "variableMap": Object {},
  "variableScope": Object {
    "$ref": 3,
  },
  "variables": Array [],
}
`;
