// Jest Snapshot v1, https://goo.gl/fbAQLP

exports[`../shared-fixtures/fixtures/typescript/decorators/parameter-decorators/parameter-decorator-constructor.src.ts parses with location information 1`] = `
Object {
  "$id": 10,
  "block": Object {
    "range": Array [
      0,
      116,
    ],
    "type": "Program",
  },
  "childScopes": Array [
    Object {
      "$id": 9,
      "block": Object {
        "range": Array [
          0,
          116,
        ],
        "type": "Program",
      },
      "childScopes": Array [
        Object {
          "$id": 8,
          "block": Object {
            "range": Array [
              0,
              115,
            ],
            "type": "ClassDeclaration",
          },
          "childScopes": Array [
            Object {
              "$id": 7,
              "block": Object {
                "range": Array [
                  31,
                  113,
                ],
                "type": "FunctionExpression",
              },
              "childScopes": Array [],
              "functionExpressionScope": false,
              "isStrict": true,
              "references": Array [
                Object {
                  "$id": 4,
                  "from": Object {
                    "$ref": 7,
                  },
                  "identifier": Object {
                    "name": "Inject",
                    "range": Array [
                      33,
                      39,
                    ],
                    "type": "Identifier",
                  },
                  "kind": "r",
                  "resolved": null,
                  "writeExpr": undefined,
                },
                Object {
                  "$id": 5,
                  "from": Object {
                    "$ref": 7,
                  },
                  "identifier": Object {
                    "name": "APP_CONFIG",
                    "range": Array [
                      40,
                      50,
                    ],
                    "type": "Identifier",
                  },
                  "kind": "r",
                  "resolved": null,
                  "writeExpr": undefined,
                },
                Object {
                  "$id": 6,
                  "from": Object {
                    "$ref": 7,
                  },
                  "identifier": Object {
                    "name": "config",
                    "range": Array [
                      94,
                      100,
                    ],
                    "type": "Identifier",
                  },
                  "kind": "r",
                  "resolved": Object {
                    "$ref": 3,
                  },
                  "writeExpr": undefined,
                },
              ],
              "throughReferences": Array [
                Object {
                  "$ref": 4,
                },
                Object {
                  "$ref": 5,
                },
              ],
              "type": "function",
              "upperScope": Object {
                "$ref": 8,
              },
              "variableMap": Object {
                "arguments": Object {
                  "$ref": 2,
                },
                "config": Object {
                  "$ref": 3,
                },
              },
              "variableScope": Object {
                "$ref": 7,
              },
              "variables": Array [
                Object {
                  "$id": 2,
                  "defs": Array [],
                  "eslintUsed": undefined,
                  "identifiers": Array [],
                  "name": "arguments",
                  "references": Array [],
                  "scope": Object {
                    "$ref": 7,
                  },
                },
                Object {
                  "$id": 3,
                  "defs": Array [
                    Object {
                      "name": Object {
                        "name": "config",
                        "range": Array [
                          52,
                          69,
                        ],
                        "type": "Identifier",
                      },
                      "node": Object {
                        "range": Array [
                          31,
                          113,
                        ],
                        "type": "FunctionExpression",
                      },
                      "parent": null,
                      "type": "Parameter",
                    },
                  ],
                  "eslintUsed": undefined,
                  "identifiers": Array [
                    Object {
                      "name": "config",
                      "range": Array [
                        52,
                        69,
                      ],
                      "type": "Identifier",
                    },
                  ],
                  "name": "config",
                  "references": Array [
                    Object {
                      "$ref": 6,
                    },
                  ],
                  "scope": Object {
                    "$ref": 7,
                  },
                },
              ],
            },
          ],
          "functionExpressionScope": false,
          "isStrict": true,
          "references": Array [],
          "throughReferences": Array [
            Object {
              "$ref": 4,
            },
            Object {
              "$ref": 5,
            },
          ],
          "type": "class",
          "upperScope": Object {
            "$ref": 9,
          },
          "variableMap": Object {
            "Service": Object {
              "$ref": 1,
            },
          },
          "variableScope": Object {
            "$ref": 9,
          },
          "variables": Array [
            Object {
              "$id": 1,
              "defs": Array [
                Object {
                  "name": Object {
                    "name": "Service",
                    "range": Array [
                      6,
                      13,
                    ],
                    "type": "Identifier",
                  },
                  "node": Object {
                    "range": Array [
                      0,
                      115,
                    ],
                    "type": "ClassDeclaration",
                  },
                  "parent": undefined,
                  "type": "ClassName",
                },
              ],
              "eslintUsed": undefined,
              "identifiers": Array [
                Object {
                  "name": "Service",
                  "range": Array [
                    6,
                    13,
                  ],
                  "type": "Identifier",
                },
              ],
              "name": "Service",
              "references": Array [],
              "scope": Object {
                "$ref": 8,
              },
            },
          ],
        },
      ],
      "functionExpressionScope": false,
      "isStrict": true,
      "references": Array [],
      "throughReferences": Array [
        Object {
          "$ref": 4,
        },
        Object {
          "$ref": 5,
        },
      ],
      "type": "module",
      "upperScope": Object {
        "$ref": 10,
      },
      "variableMap": Object {
        "Service": Object {
          "$ref": 0,
        },
      },
      "variableScope": Object {
        "$ref": 9,
      },
      "variables": Array [
        Object {
          "$id": 0,
          "defs": Array [
            Object {
              "name": Object {
                "name": "Service",
                "range": Array [
                  6,
                  13,
                ],
                "type": "Identifier",
              },
              "node": Object {
                "range": Array [
                  0,
                  115,
                ],
                "type": "ClassDeclaration",
              },
              "parent": null,
              "type": "ClassName",
            },
          ],
          "eslintUsed": undefined,
          "identifiers": Array [
            Object {
              "name": "Service",
              "range": Array [
                6,
                13,
              ],
              "type": "Identifier",
            },
          ],
          "name": "Service",
          "references": Array [],
          "scope": Object {
            "$ref": 9,
          },
        },
      ],
    },
  ],
  "functionExpressionScope": false,
  "isStrict": false,
  "references": Array [],
  "throughReferences": Array [
    Object {
      "$ref": 4,
    },
    Object {
      "$ref": 5,
    },
  ],
  "type": "global",
  "upperScope": null,
  "variableMap": Object {},
  "variableScope": Object {
    "$ref": 10,
  },
  "variables": Array [],
}
`;
