// Jest Snapshot v1, https://goo.gl/fbAQLP

exports[`/Users/bradzacher/github/typescript-eslint/packages/shared-fixtures/fixtures/typescript/declare/enum.src.ts parses with location information 1`] = `
Object {
  "$id": 5,
  "block": Object {
    "range": Array [
      0,
      38,
    ],
    "type": "Program",
  },
  "childScopes": Array [
    Object {
      "$id": 4,
      "block": Object {
        "range": Array [
          0,
          38,
        ],
        "type": "Program",
      },
      "childScopes": Array [
        Object {
          "$id": 3,
          "block": Object {
            "range": Array [
              0,
              37,
            ],
            "type": "TSEnumDeclaration",
          },
          "childScopes": Array [],
          "functionExpressionScope": false,
          "isStrict": true,
          "references": Array [],
          "throughReferences": Array [],
          "type": "enum",
          "upperScope": Object {
            "$ref": 4,
          },
          "variableMap": Object {
            "Bar": Object {
              "$ref": 1,
            },
            "Baz": Object {
              "$ref": 2,
            },
          },
          "variableScope": Object {
            "$ref": 4,
          },
          "variables": Array [
            Object {
              "$id": 1,
              "defs": Array [
                Object {
                  "name": Object {
                    "name": "Bar",
                    "range": Array [
                      23,
                      26,
                    ],
                    "type": "Identifier",
                  },
                  "node": Object {
                    "range": Array [
                      23,
                      26,
                    ],
                    "type": "TSEnumMember",
                  },
                  "parent": undefined,
                  "type": "EnumMemberName",
                },
              ],
              "eslintUsed": undefined,
              "identifiers": Array [
                Object {
                  "name": "Bar",
                  "range": Array [
                    23,
                    26,
                  ],
                  "type": "Identifier",
                },
              ],
              "name": "Bar",
              "references": Array [],
              "scope": Object {
                "$ref": 3,
              },
            },
            Object {
              "$id": 2,
              "defs": Array [
                Object {
                  "name": Object {
                    "name": "Baz",
                    "range": Array [
                      32,
                      35,
                    ],
                    "type": "Identifier",
                  },
                  "node": Object {
                    "range": Array [
                      32,
                      35,
                    ],
                    "type": "TSEnumMember",
                  },
                  "parent": undefined,
                  "type": "EnumMemberName",
                },
              ],
              "eslintUsed": undefined,
              "identifiers": Array [
                Object {
                  "name": "Baz",
                  "range": Array [
                    32,
                    35,
                  ],
                  "type": "Identifier",
                },
              ],
              "name": "Baz",
              "references": Array [],
              "scope": Object {
                "$ref": 3,
              },
            },
          ],
        },
      ],
      "functionExpressionScope": false,
      "isStrict": true,
      "references": Array [],
      "throughReferences": Array [],
      "type": "module",
      "upperScope": Object {
        "$ref": 5,
      },
      "variableMap": Object {
        "Foo": Object {
          "$ref": 0,
        },
      },
      "variableScope": Object {
        "$ref": 4,
      },
      "variables": Array [
        Object {
          "$id": 0,
          "defs": Array [
            Object {
              "name": Object {
                "name": "Foo",
                "range": Array [
                  13,
                  16,
                ],
                "type": "Identifier",
              },
              "node": Object {
                "range": Array [
                  0,
                  37,
                ],
                "type": "TSEnumDeclaration",
              },
              "parent": undefined,
              "type": "EnumName",
            },
          ],
          "eslintUsed": undefined,
          "identifiers": Array [
            Object {
              "name": "Foo",
              "range": Array [
                13,
                16,
              ],
              "type": "Identifier",
            },
          ],
          "name": "Foo",
          "references": Array [],
          "scope": Object {
            "$ref": 4,
          },
        },
      ],
    },
  ],
  "functionExpressionScope": false,
  "isStrict": false,
  "references": Array [],
  "throughReferences": Array [],
  "type": "global",
  "upperScope": null,
  "variableMap": Object {},
  "variableScope": Object {
    "$ref": 5,
  },
  "variables": Array [],
}
`;
