// Jest Snapshot v1, https://goo.gl/fbAQLP

exports[`../shared-fixtures/fixtures/typescript/basics/class-with-mixin.src.ts parses with location information 1`] = `
Object {
  "$id": 15,
  "block": Object {
    "range": Array [
      0,
      207,
    ],
    "type": "Program",
  },
  "childScopes": Array [
    Object {
      "$id": 14,
      "block": Object {
        "range": Array [
          0,
          207,
        ],
        "type": "Program",
      },
      "childScopes": Array [
        Object {
          "$id": 9,
          "block": Object {
            "range": Array [
              0,
              84,
            ],
            "type": "FunctionDeclaration",
          },
          "childScopes": Array [
            Object {
              "$id": 8,
              "block": Object {
                "range": Array [
                  60,
                  82,
                ],
                "type": "ClassExpression",
              },
              "childScopes": Array [],
              "functionExpressionScope": false,
              "isStrict": true,
              "references": Array [],
              "throughReferences": Array [],
              "type": "class",
              "upperScope": Object {
                "$ref": 9,
              },
              "variableMap": Object {},
              "variableScope": Object {
                "$ref": 9,
              },
              "variables": Array [],
            },
          ],
          "functionExpressionScope": false,
          "isStrict": true,
          "references": Array [
            Object {
              "$id": 7,
              "from": Object {
                "$ref": 9,
              },
              "identifier": Object {
                "name": "Base",
                "range": Array [
                  74,
                  78,
                ],
                "type": "Identifier",
              },
              "kind": "r",
              "resolved": Object {
                "$ref": 6,
              },
              "writeExpr": undefined,
            },
          ],
          "throughReferences": Array [],
          "type": "function",
          "upperScope": Object {
            "$ref": 14,
          },
          "variableMap": Object {
            "Base": Object {
              "$ref": 6,
            },
            "arguments": Object {
              "$ref": 5,
            },
          },
          "variableScope": Object {
            "$ref": 9,
          },
          "variables": Array [
            Object {
              "$id": 5,
              "defs": Array [],
              "eslintUsed": undefined,
              "identifiers": Array [],
              "name": "arguments",
              "references": Array [],
              "scope": Object {
                "$ref": 9,
              },
            },
            Object {
              "$id": 6,
              "defs": Array [
                Object {
                  "name": Object {
                    "name": "Base",
                    "range": Array [
                      38,
                      45,
                    ],
                    "type": "Identifier",
                  },
                  "node": Object {
                    "range": Array [
                      0,
                      84,
                    ],
                    "type": "FunctionDeclaration",
                  },
                  "parent": null,
                  "type": "Parameter",
                },
              ],
              "eslintUsed": undefined,
              "identifiers": Array [
                Object {
                  "name": "Base",
                  "range": Array [
                    38,
                    45,
                  ],
                  "type": "Identifier",
                },
              ],
              "name": "Base",
              "references": Array [
                Object {
                  "$ref": 7,
                },
              ],
              "scope": Object {
                "$ref": 9,
              },
            },
          ],
        },
        Object {
          "$id": 11,
          "block": Object {
            "range": Array [
              86,
              128,
            ],
            "type": "ClassDeclaration",
          },
          "childScopes": Array [],
          "functionExpressionScope": false,
          "isStrict": true,
          "references": Array [],
          "throughReferences": Array [],
          "type": "class",
          "upperScope": Object {
            "$ref": 14,
          },
          "variableMap": Object {
            "X": Object {
              "$ref": 10,
            },
          },
          "variableScope": Object {
            "$ref": 14,
          },
          "variables": Array [
            Object {
              "$id": 10,
              "defs": Array [
                Object {
                  "name": Object {
                    "name": "X",
                    "range": Array [
                      92,
                      93,
                    ],
                    "type": "Identifier",
                  },
                  "node": Object {
                    "range": Array [
                      86,
                      128,
                    ],
                    "type": "ClassDeclaration",
                  },
                  "parent": undefined,
                  "type": "ClassName",
                },
              ],
              "eslintUsed": undefined,
              "identifiers": Array [
                Object {
                  "name": "X",
                  "range": Array [
                    92,
                    93,
                  ],
                  "type": "Identifier",
                },
              ],
              "name": "X",
              "references": Array [],
              "scope": Object {
                "$ref": 11,
              },
            },
          ],
        },
        Object {
          "$id": 13,
          "block": Object {
            "range": Array [
              130,
              141,
            ],
            "type": "ClassDeclaration",
          },
          "childScopes": Array [],
          "functionExpressionScope": false,
          "isStrict": true,
          "references": Array [],
          "throughReferences": Array [],
          "type": "class",
          "upperScope": Object {
            "$ref": 14,
          },
          "variableMap": Object {
            "C": Object {
              "$ref": 12,
            },
          },
          "variableScope": Object {
            "$ref": 14,
          },
          "variables": Array [
            Object {
              "$id": 12,
              "defs": Array [
                Object {
                  "name": Object {
                    "name": "C",
                    "range": Array [
                      136,
                      137,
                    ],
                    "type": "Identifier",
                  },
                  "node": Object {
                    "range": Array [
                      130,
                      141,
                    ],
                    "type": "ClassDeclaration",
                  },
                  "parent": undefined,
                  "type": "ClassName",
                },
              ],
              "eslintUsed": undefined,
              "identifiers": Array [
                Object {
                  "name": "C",
                  "range": Array [
                    136,
                    137,
                  ],
                  "type": "Identifier",
                },
              ],
              "name": "C",
              "references": Array [],
              "scope": Object {
                "$ref": 13,
              },
            },
          ],
        },
      ],
      "functionExpressionScope": false,
      "isStrict": true,
      "references": Array [
        Object {
          "$id": 3,
          "from": Object {
            "$ref": 14,
          },
          "identifier": Object {
            "name": "M",
            "range": Array [
              102,
              103,
            ],
            "type": "Identifier",
          },
          "kind": "r",
          "resolved": Object {
            "$ref": 0,
          },
          "writeExpr": undefined,
        },
        Object {
          "$id": 4,
          "from": Object {
            "$ref": 14,
          },
          "identifier": Object {
            "name": "C",
            "range": Array [
              109,
              110,
            ],
            "type": "Identifier",
          },
          "kind": "r",
          "resolved": Object {
            "$ref": 2,
          },
          "writeExpr": undefined,
        },
      ],
      "throughReferences": Array [],
      "type": "module",
      "upperScope": Object {
        "$ref": 15,
      },
      "variableMap": Object {
        "C": Object {
          "$ref": 2,
        },
        "M": Object {
          "$ref": 0,
        },
        "X": Object {
          "$ref": 1,
        },
      },
      "variableScope": Object {
        "$ref": 14,
      },
      "variables": Array [
        Object {
          "$id": 0,
          "defs": Array [
            Object {
              "name": Object {
                "name": "M",
                "range": Array [
                  9,
                  10,
                ],
                "type": "Identifier",
              },
              "node": Object {
                "range": Array [
                  0,
                  84,
                ],
                "type": "FunctionDeclaration",
              },
              "parent": null,
              "type": "FunctionName",
            },
          ],
          "eslintUsed": undefined,
          "identifiers": Array [
            Object {
              "name": "M",
              "range": Array [
                9,
                10,
              ],
              "type": "Identifier",
            },
          ],
          "name": "M",
          "references": Array [
            Object {
              "$ref": 3,
            },
          ],
          "scope": Object {
            "$ref": 14,
          },
        },
        Object {
          "$id": 1,
          "defs": Array [
            Object {
              "name": Object {
                "name": "X",
                "range": Array [
                  92,
                  93,
                ],
                "type": "Identifier",
              },
              "node": Object {
                "range": Array [
                  86,
                  128,
                ],
                "type": "ClassDeclaration",
              },
              "parent": null,
              "type": "ClassName",
            },
          ],
          "eslintUsed": undefined,
          "identifiers": Array [
            Object {
              "name": "X",
              "range": Array [
                92,
                93,
              ],
              "type": "Identifier",
            },
          ],
          "name": "X",
          "references": Array [],
          "scope": Object {
            "$ref": 14,
          },
        },
        Object {
          "$id": 2,
          "defs": Array [
            Object {
              "name": Object {
                "name": "C",
                "range": Array [
                  136,
                  137,
                ],
                "type": "Identifier",
              },
              "node": Object {
                "range": Array [
                  130,
                  141,
                ],
                "type": "ClassDeclaration",
              },
              "parent": null,
              "type": "ClassName",
            },
          ],
          "eslintUsed": undefined,
          "identifiers": Array [
            Object {
              "name": "C",
              "range": Array [
                136,
                137,
              ],
              "type": "Identifier",
            },
          ],
          "name": "C",
          "references": Array [
            Object {
              "$ref": 4,
            },
          ],
          "scope": Object {
            "$ref": 14,
          },
        },
      ],
    },
  ],
  "functionExpressionScope": false,
  "isStrict": false,
  "references": Array [],
  "throughReferences": Array [],
  "type": "global",
  "upperScope": null,
  "variableMap": Object {},
  "variableScope": Object {
    "$ref": 15,
  },
  "variables": Array [],
}
`;
