// Jest Snapshot v1, https://goo.gl/fbAQLP

exports[`/Users/bradzacher/github/typescript-eslint/packages/shared-fixtures/fixtures/typescript/basics/arrow-function-with-optional-parameter.src.ts parses with location information 1`] = `
Object {
  "$id": 4,
  "block": Object {
    "range": Array [
      0,
      19,
    ],
    "type": "Program",
  },
  "childScopes": Array [
    Object {
      "$id": 3,
      "block": Object {
        "range": Array [
          0,
          19,
        ],
        "type": "Program",
      },
      "childScopes": Array [
        Object {
          "$id": 2,
          "block": Object {
            "range": Array [
              1,
              14,
            ],
            "type": "ArrowFunctionExpression",
          },
          "childScopes": Array [],
          "functionExpressionScope": false,
          "isStrict": true,
          "references": Array [
            Object {
              "$id": 1,
              "from": Object {
                "$ref": 2,
              },
              "identifier": Object {
                "name": "k",
                "range": Array [
                  9,
                  10,
                ],
                "type": "Identifier",
              },
              "kind": "r",
              "resolved": Object {
                "$ref": 0,
              },
              "writeExpr": undefined,
            },
          ],
          "throughReferences": Array [],
          "type": "function",
          "upperScope": Object {
            "$ref": 3,
          },
          "variableMap": Object {
            "k": Object {
              "$ref": 0,
            },
          },
          "variableScope": Object {
            "$ref": 2,
          },
          "variables": Array [
            Object {
              "$id": 0,
              "defs": Array [
                Object {
                  "name": Object {
                    "name": "k",
                    "range": Array [
                      2,
                      4,
                    ],
                    "type": "Identifier",
                  },
                  "node": Object {
                    "range": Array [
                      1,
                      14,
                    ],
                    "type": "ArrowFunctionExpression",
                  },
                  "parent": null,
                  "type": "Parameter",
                },
              ],
              "eslintUsed": undefined,
              "identifiers": Array [
                Object {
                  "name": "k",
                  "range": Array [
                    2,
                    4,
                  ],
                  "type": "Identifier",
                },
              ],
              "name": "k",
              "references": Array [
                Object {
                  "$ref": 1,
                },
              ],
              "scope": Object {
                "$ref": 2,
              },
            },
          ],
        },
      ],
      "functionExpressionScope": false,
      "isStrict": true,
      "references": Array [],
      "throughReferences": Array [],
      "type": "module",
      "upperScope": Object {
        "$ref": 4,
      },
      "variableMap": Object {},
      "variableScope": Object {
        "$ref": 3,
      },
      "variables": Array [],
    },
  ],
  "functionExpressionScope": false,
  "isStrict": false,
  "references": Array [],
  "throughReferences": Array [],
  "type": "global",
  "upperScope": null,
  "variableMap": Object {},
  "variableScope": Object {
    "$ref": 4,
  },
  "variables": Array [],
}
`;
