// Jest Snapshot v1, https://goo.gl/fbAQLP

exports[`../shared-fixtures/fixtures/javascript/commaOperator/comma-operator-return.src.js parses with location information 1`] = `
Object {
  "$id": 9,
  "block": Object {
    "range": Array [
      0,
      50,
    ],
    "type": "Program",
  },
  "childScopes": Array [
    Object {
      "$id": 8,
      "block": Object {
        "range": Array [
          0,
          50,
        ],
        "type": "Program",
      },
      "childScopes": Array [
        Object {
          "$id": 7,
          "block": Object {
            "range": Array [
              0,
              49,
            ],
            "type": "FunctionDeclaration",
          },
          "childScopes": Array [],
          "functionExpressionScope": false,
          "isStrict": true,
          "references": Array [
            Object {
              "$id": 3,
              "from": Object {
                "$ref": 7,
              },
              "identifier": Object {
                "name": "a",
                "range": Array [
                  22,
                  23,
                ],
                "type": "Identifier",
              },
              "kind": "w",
              "resolved": Object {
                "$ref": 2,
              },
              "writeExpr": Object {
                "range": Array [
                  26,
                  27,
                ],
                "type": "Literal",
              },
            },
            Object {
              "$id": 4,
              "from": Object {
                "$ref": 7,
              },
              "identifier": Object {
                "name": "a",
                "range": Array [
                  38,
                  39,
                ],
                "type": "Identifier",
              },
              "kind": "r",
              "resolved": Object {
                "$ref": 2,
              },
              "writeExpr": undefined,
            },
            Object {
              "$id": 5,
              "from": Object {
                "$ref": 7,
              },
              "identifier": Object {
                "name": "v1",
                "range": Array [
                  41,
                  43,
                ],
                "type": "Identifier",
              },
              "kind": "r",
              "resolved": null,
              "writeExpr": undefined,
            },
            Object {
              "$id": 6,
              "from": Object {
                "$ref": 7,
              },
              "identifier": Object {
                "name": "a",
                "range": Array [
                  45,
                  46,
                ],
                "type": "Identifier",
              },
              "kind": "r",
              "resolved": Object {
                "$ref": 2,
              },
              "writeExpr": undefined,
            },
          ],
          "throughReferences": Array [
            Object {
              "$ref": 5,
            },
          ],
          "type": "function",
          "upperScope": Object {
            "$ref": 8,
          },
          "variableMap": Object {
            "a": Object {
              "$ref": 2,
            },
            "arguments": Object {
              "$ref": 1,
            },
          },
          "variableScope": Object {
            "$ref": 7,
          },
          "variables": Array [
            Object {
              "$id": 1,
              "defs": Array [],
              "eslintUsed": undefined,
              "identifiers": Array [],
              "name": "arguments",
              "references": Array [],
              "scope": Object {
                "$ref": 7,
              },
            },
            Object {
              "$id": 2,
              "defs": Array [
                Object {
                  "name": Object {
                    "name": "a",
                    "range": Array [
                      22,
                      23,
                    ],
                    "type": "Identifier",
                  },
                  "node": Object {
                    "range": Array [
                      22,
                      27,
                    ],
                    "type": "VariableDeclarator",
                  },
                  "parent": Object {
                    "range": Array [
                      18,
                      28,
                    ],
                    "type": "VariableDeclaration",
                  },
                  "type": "Variable",
                },
              ],
              "eslintUsed": undefined,
              "identifiers": Array [
                Object {
                  "name": "a",
                  "range": Array [
                    22,
                    23,
                  ],
                  "type": "Identifier",
                },
              ],
              "name": "a",
              "references": Array [
                Object {
                  "$ref": 3,
                },
                Object {
                  "$ref": 4,
                },
                Object {
                  "$ref": 6,
                },
              ],
              "scope": Object {
                "$ref": 7,
              },
            },
          ],
        },
      ],
      "functionExpressionScope": false,
      "isStrict": true,
      "references": Array [],
      "throughReferences": Array [
        Object {
          "$ref": 5,
        },
      ],
      "type": "module",
      "upperScope": Object {
        "$ref": 9,
      },
      "variableMap": Object {
        "f1": Object {
          "$ref": 0,
        },
      },
      "variableScope": Object {
        "$ref": 8,
      },
      "variables": Array [
        Object {
          "$id": 0,
          "defs": Array [
            Object {
              "name": Object {
                "name": "f1",
                "range": Array [
                  9,
                  11,
                ],
                "type": "Identifier",
              },
              "node": Object {
                "range": Array [
                  0,
                  49,
                ],
                "type": "FunctionDeclaration",
              },
              "parent": null,
              "type": "FunctionName",
            },
          ],
          "eslintUsed": undefined,
          "identifiers": Array [
            Object {
              "name": "f1",
              "range": Array [
                9,
                11,
              ],
              "type": "Identifier",
            },
          ],
          "name": "f1",
          "references": Array [],
          "scope": Object {
            "$ref": 8,
          },
        },
      ],
    },
  ],
  "functionExpressionScope": false,
  "isStrict": false,
  "references": Array [],
  "throughReferences": Array [
    Object {
      "$ref": 5,
    },
  ],
  "type": "global",
  "upperScope": null,
  "variableMap": Object {},
  "variableScope": Object {
    "$ref": 9,
  },
  "variables": Array [],
}
`;
