// Jest Snapshot v1, https://goo.gl/fbAQLP

exports[`/Users/bradzacher/github/typescript-eslint/packages/shared-fixtures/fixtures/typescript/basics/class-with-property-function.src.ts parses with location information 1`] = `
Object {
  "$id": 7,
  "block": Object {
    "range": Array [
      0,
      86,
    ],
    "type": "Program",
  },
  "childScopes": Array [
    Object {
      "$id": 6,
      "block": Object {
        "range": Array [
          0,
          86,
        ],
        "type": "Program",
      },
      "childScopes": Array [
        Object {
          "$id": 5,
          "block": Object {
            "range": Array [
              0,
              85,
            ],
            "type": "ClassDeclaration",
          },
          "childScopes": Array [
            Object {
              "$id": 2,
              "block": Object {
                "range": Array [
                  35,
                  54,
                ],
                "type": "ArrowFunctionExpression",
              },
              "childScopes": Array [],
              "functionExpressionScope": false,
              "isStrict": true,
              "references": Array [],
              "throughReferences": Array [],
              "type": "function",
              "upperScope": Object {
                "$ref": 5,
              },
              "variableMap": Object {},
              "variableScope": Object {
                "$ref": 2,
              },
              "variables": Array [],
            },
            Object {
              "$id": 4,
              "block": Object {
                "range": Array [
                  72,
                  82,
                ],
                "type": "ArrowFunctionExpression",
              },
              "childScopes": Array [],
              "functionExpressionScope": false,
              "isStrict": true,
              "references": Array [
                Object {
                  "$id": 3,
                  "from": Object {
                    "$ref": 4,
                  },
                  "identifier": Object {
                    "name": "test",
                    "range": Array [
                      78,
                      82,
                    ],
                    "type": "Identifier",
                  },
                  "kind": "r",
                  "resolved": null,
                  "writeExpr": undefined,
                },
              ],
              "throughReferences": Array [
                Object {
                  "$ref": 3,
                },
              ],
              "type": "function",
              "upperScope": Object {
                "$ref": 5,
              },
              "variableMap": Object {},
              "variableScope": Object {
                "$ref": 4,
              },
              "variables": Array [],
            },
          ],
          "functionExpressionScope": false,
          "isStrict": true,
          "references": Array [],
          "throughReferences": Array [
            Object {
              "$ref": 3,
            },
          ],
          "type": "class",
          "upperScope": Object {
            "$ref": 6,
          },
          "variableMap": Object {
            "Foo": Object {
              "$ref": 1,
            },
          },
          "variableScope": Object {
            "$ref": 6,
          },
          "variables": Array [
            Object {
              "$id": 1,
              "defs": Array [
                Object {
                  "name": Object {
                    "name": "Foo",
                    "range": Array [
                      6,
                      9,
                    ],
                    "type": "Identifier",
                  },
                  "node": Object {
                    "range": Array [
                      0,
                      85,
                    ],
                    "type": "ClassDeclaration",
                  },
                  "parent": undefined,
                  "type": "ClassName",
                },
              ],
              "eslintUsed": undefined,
              "identifiers": Array [
                Object {
                  "name": "Foo",
                  "range": Array [
                    6,
                    9,
                  ],
                  "type": "Identifier",
                },
              ],
              "name": "Foo",
              "references": Array [],
              "scope": Object {
                "$ref": 5,
              },
            },
          ],
        },
      ],
      "functionExpressionScope": false,
      "isStrict": true,
      "references": Array [],
      "throughReferences": Array [
        Object {
          "$ref": 3,
        },
      ],
      "type": "module",
      "upperScope": Object {
        "$ref": 7,
      },
      "variableMap": Object {
        "Foo": Object {
          "$ref": 0,
        },
      },
      "variableScope": Object {
        "$ref": 6,
      },
      "variables": Array [
        Object {
          "$id": 0,
          "defs": Array [
            Object {
              "name": Object {
                "name": "Foo",
                "range": Array [
                  6,
                  9,
                ],
                "type": "Identifier",
              },
              "node": Object {
                "range": Array [
                  0,
                  85,
                ],
                "type": "ClassDeclaration",
              },
              "parent": null,
              "type": "ClassName",
            },
          ],
          "eslintUsed": undefined,
          "identifiers": Array [
            Object {
              "name": "Foo",
              "range": Array [
                6,
                9,
              ],
              "type": "Identifier",
            },
          ],
          "name": "Foo",
          "references": Array [],
          "scope": Object {
            "$ref": 6,
          },
        },
      ],
    },
  ],
  "functionExpressionScope": false,
  "isStrict": false,
  "references": Array [],
  "throughReferences": Array [
    Object {
      "$ref": 3,
    },
  ],
  "type": "global",
  "upperScope": null,
  "variableMap": Object {},
  "variableScope": Object {
    "$ref": 7,
  },
  "variables": Array [],
}
`;
