// Jest Snapshot v1, https://goo.gl/fbAQLP

exports[`../shared-fixtures/fixtures/javascript/arrowFunctions/error-wrapped-param.src.js parses with location information 1`] = `"';' expected."`;
