// Jest Snapshot v1, https://goo.gl/fbAQLP

exports[`../shared-fixtures/fixtures/javascript/spread/complex-spread.src.js parses with location information 1`] = `
Object {
  "$id": 11,
  "block": Object {
    "range": Array [
      0,
      115,
    ],
    "type": "Program",
  },
  "childScopes": Array [
    Object {
      "$id": 10,
      "block": Object {
        "range": Array [
          0,
          115,
        ],
        "type": "Program",
      },
      "childScopes": Array [],
      "functionExpressionScope": false,
      "isStrict": true,
      "references": Array [
        Object {
          "$id": 0,
          "from": Object {
            "$ref": 10,
          },
          "identifier": Object {
            "name": "ka",
            "range": Array [
              7,
              9,
            ],
            "type": "Identifier",
          },
          "kind": "w",
          "resolved": null,
          "writeExpr": Object {
            "name": "complex",
            "range": Array [
              105,
              112,
            ],
            "type": "Identifier",
          },
        },
        Object {
          "$id": 1,
          "from": Object {
            "$ref": 10,
          },
          "identifier": Object {
            "name": "nested",
            "range": Array [
              14,
              20,
            ],
            "type": "Identifier",
          },
          "kind": "w",
          "resolved": null,
          "writeExpr": Object {
            "name": "complex",
            "range": Array [
              105,
              112,
            ],
            "type": "Identifier",
          },
        },
        Object {
          "$id": 2,
          "from": Object {
            "$ref": 10,
          },
          "identifier": Object {
            "name": "other",
            "range": Array [
              27,
              32,
            ],
            "type": "Identifier",
          },
          "kind": "w",
          "resolved": null,
          "writeExpr": Object {
            "name": "complex",
            "range": Array [
              105,
              112,
            ],
            "type": "Identifier",
          },
        },
        Object {
          "$id": 3,
          "from": Object {
            "$ref": 10,
          },
          "identifier": Object {
            "name": "nested2",
            "range": Array [
              48,
              55,
            ],
            "type": "Identifier",
          },
          "kind": "w",
          "resolved": null,
          "writeExpr": Object {
            "name": "complex",
            "range": Array [
              105,
              112,
            ],
            "type": "Identifier",
          },
        },
        Object {
          "$id": 4,
          "from": Object {
            "$ref": 10,
          },
          "identifier": Object {
            "name": "y",
            "range": Array [
              62,
              63,
            ],
            "type": "Identifier",
          },
          "kind": "w",
          "resolved": null,
          "writeExpr": Object {
            "name": "complex",
            "range": Array [
              105,
              112,
            ],
            "type": "Identifier",
          },
        },
        Object {
          "$id": 5,
          "from": Object {
            "$ref": 10,
          },
          "identifier": Object {
            "name": "z",
            "range": Array [
              71,
              72,
            ],
            "type": "Identifier",
          },
          "kind": "w",
          "resolved": null,
          "writeExpr": Object {
            "name": "complex",
            "range": Array [
              105,
              112,
            ],
            "type": "Identifier",
          },
        },
        Object {
          "$id": 6,
          "from": Object {
            "$ref": 10,
          },
          "identifier": Object {
            "name": "c",
            "range": Array [
              77,
              78,
            ],
            "type": "Identifier",
          },
          "kind": "w",
          "resolved": null,
          "writeExpr": Object {
            "name": "complex",
            "range": Array [
              105,
              112,
            ],
            "type": "Identifier",
          },
        },
        Object {
          "$id": 7,
          "from": Object {
            "$ref": 10,
          },
          "identifier": Object {
            "name": "rest2",
            "range": Array [
              85,
              90,
            ],
            "type": "Identifier",
          },
          "kind": "w",
          "resolved": null,
          "writeExpr": Object {
            "name": "complex",
            "range": Array [
              105,
              112,
            ],
            "type": "Identifier",
          },
        },
        Object {
          "$id": 8,
          "from": Object {
            "$ref": 10,
          },
          "identifier": Object {
            "name": "rest",
            "range": Array [
              97,
              101,
            ],
            "type": "Identifier",
          },
          "kind": "w",
          "resolved": null,
          "writeExpr": Object {
            "name": "complex",
            "range": Array [
              105,
              112,
            ],
            "type": "Identifier",
          },
        },
        Object {
          "$id": 9,
          "from": Object {
            "$ref": 10,
          },
          "identifier": Object {
            "name": "complex",
            "range": Array [
              105,
              112,
            ],
            "type": "Identifier",
          },
          "kind": "r",
          "resolved": null,
          "writeExpr": undefined,
        },
      ],
      "throughReferences": Array [
        Object {
          "$ref": 0,
        },
        Object {
          "$ref": 1,
        },
        Object {
          "$ref": 2,
        },
        Object {
          "$ref": 3,
        },
        Object {
          "$ref": 4,
        },
        Object {
          "$ref": 5,
        },
        Object {
          "$ref": 6,
        },
        Object {
          "$ref": 7,
        },
        Object {
          "$ref": 8,
        },
        Object {
          "$ref": 9,
        },
      ],
      "type": "module",
      "upperScope": Object {
        "$ref": 11,
      },
      "variableMap": Object {},
      "variableScope": Object {
        "$ref": 10,
      },
      "variables": Array [],
    },
  ],
  "functionExpressionScope": false,
  "isStrict": false,
  "references": Array [],
  "throughReferences": Array [
    Object {
      "$ref": 0,
    },
    Object {
      "$ref": 1,
    },
    Object {
      "$ref": 2,
    },
    Object {
      "$ref": 3,
    },
    Object {
      "$ref": 4,
    },
    Object {
      "$ref": 5,
    },
    Object {
      "$ref": 6,
    },
    Object {
      "$ref": 7,
    },
    Object {
      "$ref": 8,
    },
    Object {
      "$ref": 9,
    },
  ],
  "type": "global",
  "upperScope": null,
  "variableMap": Object {},
  "variableScope": Object {
    "$ref": 11,
  },
  "variables": Array [],
}
`;
