// Jest Snapshot v1, https://goo.gl/fbAQLP

exports[`../shared-fixtures/fixtures/javascript/modules/invalid-export-batch-token.src.js parses with location information 1`] = `"'from' expected."`;
