// Jest Snapshot v1, https://goo.gl/fbAQLP

exports[`../shared-fixtures/fixtures/javascript/destructuring-and-spread/var-multi-destructured.src.js parses with location information 1`] = `
Object {
  "$id": 6,
  "block": Object {
    "range": Array [
      0,
      18,
    ],
    "type": "Program",
  },
  "childScopes": Array [
    Object {
      "$id": 5,
      "block": Object {
        "range": Array [
          0,
          18,
        ],
        "type": "Program",
      },
      "childScopes": Array [],
      "functionExpressionScope": false,
      "isStrict": true,
      "references": Array [
        Object {
          "$id": 2,
          "from": Object {
            "$ref": 5,
          },
          "identifier": Object {
            "name": "a",
            "range": Array [
              5,
              6,
            ],
            "type": "Identifier",
          },
          "kind": "w",
          "resolved": Object {
            "$ref": 0,
          },
          "writeExpr": Object {
            "name": "c",
            "range": Array [
              16,
              17,
            ],
            "type": "Identifier",
          },
        },
        Object {
          "$id": 3,
          "from": Object {
            "$ref": 5,
          },
          "identifier": Object {
            "name": "b",
            "range": Array [
              11,
              12,
            ],
            "type": "Identifier",
          },
          "kind": "w",
          "resolved": Object {
            "$ref": 1,
          },
          "writeExpr": Object {
            "name": "c",
            "range": Array [
              16,
              17,
            ],
            "type": "Identifier",
          },
        },
        Object {
          "$id": 4,
          "from": Object {
            "$ref": 5,
          },
          "identifier": Object {
            "name": "c",
            "range": Array [
              16,
              17,
            ],
            "type": "Identifier",
          },
          "kind": "r",
          "resolved": null,
          "writeExpr": undefined,
        },
      ],
      "throughReferences": Array [
        Object {
          "$ref": 4,
        },
      ],
      "type": "module",
      "upperScope": Object {
        "$ref": 6,
      },
      "variableMap": Object {
        "a": Object {
          "$ref": 0,
        },
        "b": Object {
          "$ref": 1,
        },
      },
      "variableScope": Object {
        "$ref": 5,
      },
      "variables": Array [
        Object {
          "$id": 0,
          "defs": Array [
            Object {
              "name": Object {
                "name": "a",
                "range": Array [
                  5,
                  6,
                ],
                "type": "Identifier",
              },
              "node": Object {
                "range": Array [
                  4,
                  17,
                ],
                "type": "VariableDeclarator",
              },
              "parent": Object {
                "range": Array [
                  0,
                  18,
                ],
                "type": "VariableDeclaration",
              },
              "type": "Variable",
            },
          ],
          "eslintUsed": undefined,
          "identifiers": Array [
            Object {
              "name": "a",
              "range": Array [
                5,
                6,
              ],
              "type": "Identifier",
            },
          ],
          "name": "a",
          "references": Array [
            Object {
              "$ref": 2,
            },
          ],
          "scope": Object {
            "$ref": 5,
          },
        },
        Object {
          "$id": 1,
          "defs": Array [
            Object {
              "name": Object {
                "name": "b",
                "range": Array [
                  11,
                  12,
                ],
                "type": "Identifier",
              },
              "node": Object {
                "range": Array [
                  4,
                  17,
                ],
                "type": "VariableDeclarator",
              },
              "parent": Object {
                "range": Array [
                  0,
                  18,
                ],
                "type": "VariableDeclaration",
              },
              "type": "Variable",
            },
          ],
          "eslintUsed": undefined,
          "identifiers": Array [
            Object {
              "name": "b",
              "range": Array [
                11,
                12,
              ],
              "type": "Identifier",
            },
          ],
          "name": "b",
          "references": Array [
            Object {
              "$ref": 3,
            },
          ],
          "scope": Object {
            "$ref": 5,
          },
        },
      ],
    },
  ],
  "functionExpressionScope": false,
  "isStrict": false,
  "references": Array [],
  "throughReferences": Array [
    Object {
      "$ref": 4,
    },
  ],
  "type": "global",
  "upperScope": null,
  "variableMap": Object {},
  "variableScope": Object {
    "$ref": 6,
  },
  "variables": Array [],
}
`;
