// Jest Snapshot v1, https://goo.gl/fbAQLP

exports[`/Users/bradzacher/github/typescript-eslint/packages/shared-fixtures/fixtures/javascript/objectLiteralComputedProperties/invalid-standalone-computed-variable-property.src.js parses without location information 1`] = `"':' expected."`;
