// Jest Snapshot v1, https://goo.gl/fbAQLP

exports[`../shared-fixtures/fixtures/jsx/invalid-trailing-dot-tag-name.src.js parses with location information 1`] = `"Identifier expected."`;
