// Jest Snapshot v1, https://goo.gl/fbAQLP

exports[`../shared-fixtures/fixtures/javascript/objectLiteralComputedProperties/standalone-expression-with-method.src.js parses with location information 1`] = `
Object {
  "$id": 4,
  "block": Object {
    "range": Array [
      0,
      24,
    ],
    "type": "Program",
  },
  "childScopes": Array [
    Object {
      "$id": 3,
      "block": Object {
        "range": Array [
          0,
          24,
        ],
        "type": "Program",
      },
      "childScopes": Array [
        Object {
          "$id": 2,
          "block": Object {
            "range": Array [
              7,
              20,
            ],
            "type": "FunctionExpression",
          },
          "childScopes": Array [],
          "functionExpressionScope": false,
          "isStrict": true,
          "references": Array [],
          "throughReferences": Array [],
          "type": "function",
          "upperScope": Object {
            "$ref": 3,
          },
          "variableMap": Object {
            "arguments": Object {
              "$ref": 1,
            },
          },
          "variableScope": Object {
            "$ref": 2,
          },
          "variables": Array [
            Object {
              "$id": 1,
              "defs": Array [],
              "eslintUsed": undefined,
              "identifiers": Array [],
              "name": "arguments",
              "references": Array [],
              "scope": Object {
                "$ref": 2,
              },
            },
          ],
        },
      ],
      "functionExpressionScope": false,
      "isStrict": true,
      "references": Array [
        Object {
          "$id": 0,
          "from": Object {
            "$ref": 3,
          },
          "identifier": Object {
            "name": "x",
            "range": Array [
              3,
              4,
            ],
            "type": "Identifier",
          },
          "kind": "r",
          "resolved": null,
          "writeExpr": undefined,
        },
      ],
      "throughReferences": Array [
        Object {
          "$ref": 0,
        },
      ],
      "type": "module",
      "upperScope": Object {
        "$ref": 4,
      },
      "variableMap": Object {},
      "variableScope": Object {
        "$ref": 3,
      },
      "variables": Array [],
    },
  ],
  "functionExpressionScope": false,
  "isStrict": false,
  "references": Array [],
  "throughReferences": Array [
    Object {
      "$ref": 0,
    },
  ],
  "type": "global",
  "upperScope": null,
  "variableMap": Object {},
  "variableScope": Object {
    "$ref": 4,
  },
  "variables": Array [],
}
`;
