// Jest Snapshot v1, https://goo.gl/fbAQLP

exports[`../shared-fixtures/fixtures/javascript/restParams/basic-rest.src.js parses with location information 1`] = `
Object {
  "$id": 6,
  "block": Object {
    "range": Array [
      0,
      23,
    ],
    "type": "Program",
  },
  "childScopes": Array [
    Object {
      "$id": 5,
      "block": Object {
        "range": Array [
          0,
          23,
        ],
        "type": "Program",
      },
      "childScopes": Array [
        Object {
          "$id": 4,
          "block": Object {
            "range": Array [
              0,
              22,
            ],
            "type": "FunctionDeclaration",
          },
          "childScopes": Array [],
          "functionExpressionScope": false,
          "isStrict": true,
          "references": Array [],
          "throughReferences": Array [],
          "type": "function",
          "upperScope": Object {
            "$ref": 5,
          },
          "variableMap": Object {
            "a": Object {
              "$ref": 2,
            },
            "arguments": Object {
              "$ref": 1,
            },
            "b": Object {
              "$ref": 3,
            },
          },
          "variableScope": Object {
            "$ref": 4,
          },
          "variables": Array [
            Object {
              "$id": 1,
              "defs": Array [],
              "eslintUsed": undefined,
              "identifiers": Array [],
              "name": "arguments",
              "references": Array [],
              "scope": Object {
                "$ref": 4,
              },
            },
            Object {
              "$id": 2,
              "defs": Array [
                Object {
                  "name": Object {
                    "name": "a",
                    "range": Array [
                      11,
                      12,
                    ],
                    "type": "Identifier",
                  },
                  "node": Object {
                    "range": Array [
                      0,
                      22,
                    ],
                    "type": "FunctionDeclaration",
                  },
                  "parent": null,
                  "type": "Parameter",
                },
              ],
              "eslintUsed": undefined,
              "identifiers": Array [
                Object {
                  "name": "a",
                  "range": Array [
                    11,
                    12,
                  ],
                  "type": "Identifier",
                },
              ],
              "name": "a",
              "references": Array [],
              "scope": Object {
                "$ref": 4,
              },
            },
            Object {
              "$id": 3,
              "defs": Array [
                Object {
                  "name": Object {
                    "name": "b",
                    "range": Array [
                      17,
                      18,
                    ],
                    "type": "Identifier",
                  },
                  "node": Object {
                    "range": Array [
                      0,
                      22,
                    ],
                    "type": "FunctionDeclaration",
                  },
                  "parent": null,
                  "type": "Parameter",
                },
              ],
              "eslintUsed": undefined,
              "identifiers": Array [
                Object {
                  "name": "b",
                  "range": Array [
                    17,
                    18,
                  ],
                  "type": "Identifier",
                },
              ],
              "name": "b",
              "references": Array [],
              "scope": Object {
                "$ref": 4,
              },
            },
          ],
        },
      ],
      "functionExpressionScope": false,
      "isStrict": true,
      "references": Array [],
      "throughReferences": Array [],
      "type": "module",
      "upperScope": Object {
        "$ref": 6,
      },
      "variableMap": Object {
        "f": Object {
          "$ref": 0,
        },
      },
      "variableScope": Object {
        "$ref": 5,
      },
      "variables": Array [
        Object {
          "$id": 0,
          "defs": Array [
            Object {
              "name": Object {
                "name": "f",
                "range": Array [
                  9,
                  10,
                ],
                "type": "Identifier",
              },
              "node": Object {
                "range": Array [
                  0,
                  22,
                ],
                "type": "FunctionDeclaration",
              },
              "parent": null,
              "type": "FunctionName",
            },
          ],
          "eslintUsed": undefined,
          "identifiers": Array [
            Object {
              "name": "f",
              "range": Array [
                9,
                10,
              ],
              "type": "Identifier",
            },
          ],
          "name": "f",
          "references": Array [],
          "scope": Object {
            "$ref": 5,
          },
        },
      ],
    },
  ],
  "functionExpressionScope": false,
  "isStrict": false,
  "references": Array [],
  "throughReferences": Array [],
  "type": "global",
  "upperScope": null,
  "variableMap": Object {},
  "variableScope": Object {
    "$ref": 6,
  },
  "variables": Array [],
}
`;
