// Jest Snapshot v1, https://goo.gl/fbAQLP

exports[`/Users/bradzacher/github/typescript-eslint/packages/shared-fixtures/fixtures/javascript/arrowFunctions/return-sequence.src.js parses with location information 1`] = `
Object {
  "$id": 9,
  "block": Object {
    "range": Array [
      0,
      29,
    ],
    "type": "Program",
  },
  "childScopes": Array [
    Object {
      "$id": 8,
      "block": Object {
        "range": Array [
          0,
          29,
        ],
        "type": "Program",
      },
      "childScopes": Array [
        Object {
          "$id": 7,
          "block": Object {
            "range": Array [
              0,
              28,
            ],
            "type": "ArrowFunctionExpression",
          },
          "childScopes": Array [
            Object {
              "$id": 6,
              "block": Object {
                "range": Array [
                  8,
                  27,
                ],
                "type": "ArrowFunctionExpression",
              },
              "childScopes": Array [],
              "functionExpressionScope": false,
              "isStrict": true,
              "references": Array [
                Object {
                  "$id": 3,
                  "from": Object {
                    "$ref": 6,
                  },
                  "identifier": Object {
                    "name": "x",
                    "range": Array [
                      19,
                      20,
                    ],
                    "type": "Identifier",
                  },
                  "kind": "r",
                  "resolved": Object {
                    "$ref": 0,
                  },
                  "writeExpr": undefined,
                },
                Object {
                  "$id": 4,
                  "from": Object {
                    "$ref": 6,
                  },
                  "identifier": Object {
                    "name": "y",
                    "range": Array [
                      22,
                      23,
                    ],
                    "type": "Identifier",
                  },
                  "kind": "r",
                  "resolved": Object {
                    "$ref": 1,
                  },
                  "writeExpr": undefined,
                },
                Object {
                  "$id": 5,
                  "from": Object {
                    "$ref": 6,
                  },
                  "identifier": Object {
                    "name": "z",
                    "range": Array [
                      25,
                      26,
                    ],
                    "type": "Identifier",
                  },
                  "kind": "r",
                  "resolved": Object {
                    "$ref": 2,
                  },
                  "writeExpr": undefined,
                },
              ],
              "throughReferences": Array [
                Object {
                  "$ref": 3,
                },
              ],
              "type": "function",
              "upperScope": Object {
                "$ref": 7,
              },
              "variableMap": Object {
                "y": Object {
                  "$ref": 1,
                },
                "z": Object {
                  "$ref": 2,
                },
              },
              "variableScope": Object {
                "$ref": 6,
              },
              "variables": Array [
                Object {
                  "$id": 1,
                  "defs": Array [
                    Object {
                      "name": Object {
                        "name": "y",
                        "range": Array [
                          9,
                          10,
                        ],
                        "type": "Identifier",
                      },
                      "node": Object {
                        "range": Array [
                          8,
                          27,
                        ],
                        "type": "ArrowFunctionExpression",
                      },
                      "parent": null,
                      "type": "Parameter",
                    },
                  ],
                  "eslintUsed": undefined,
                  "identifiers": Array [
                    Object {
                      "name": "y",
                      "range": Array [
                        9,
                        10,
                      ],
                      "type": "Identifier",
                    },
                  ],
                  "name": "y",
                  "references": Array [
                    Object {
                      "$ref": 4,
                    },
                  ],
                  "scope": Object {
                    "$ref": 6,
                  },
                },
                Object {
                  "$id": 2,
                  "defs": Array [
                    Object {
                      "name": Object {
                        "name": "z",
                        "range": Array [
                          12,
                          13,
                        ],
                        "type": "Identifier",
                      },
                      "node": Object {
                        "range": Array [
                          8,
                          27,
                        ],
                        "type": "ArrowFunctionExpression",
                      },
                      "parent": null,
                      "type": "Parameter",
                    },
                  ],
                  "eslintUsed": undefined,
                  "identifiers": Array [
                    Object {
                      "name": "z",
                      "range": Array [
                        12,
                        13,
                      ],
                      "type": "Identifier",
                    },
                  ],
                  "name": "z",
                  "references": Array [
                    Object {
                      "$ref": 5,
                    },
                  ],
                  "scope": Object {
                    "$ref": 6,
                  },
                },
              ],
            },
          ],
          "functionExpressionScope": false,
          "isStrict": true,
          "references": Array [],
          "throughReferences": Array [],
          "type": "function",
          "upperScope": Object {
            "$ref": 8,
          },
          "variableMap": Object {
            "x": Object {
              "$ref": 0,
            },
          },
          "variableScope": Object {
            "$ref": 7,
          },
          "variables": Array [
            Object {
              "$id": 0,
              "defs": Array [
                Object {
                  "name": Object {
                    "name": "x",
                    "range": Array [
                      1,
                      2,
                    ],
                    "type": "Identifier",
                  },
                  "node": Object {
                    "range": Array [
                      0,
                      28,
                    ],
                    "type": "ArrowFunctionExpression",
                  },
                  "parent": null,
                  "type": "Parameter",
                },
              ],
              "eslintUsed": undefined,
              "identifiers": Array [
                Object {
                  "name": "x",
                  "range": Array [
                    1,
                    2,
                  ],
                  "type": "Identifier",
                },
              ],
              "name": "x",
              "references": Array [
                Object {
                  "$ref": 3,
                },
              ],
              "scope": Object {
                "$ref": 7,
              },
            },
          ],
        },
      ],
      "functionExpressionScope": false,
      "isStrict": true,
      "references": Array [],
      "throughReferences": Array [],
      "type": "module",
      "upperScope": Object {
        "$ref": 9,
      },
      "variableMap": Object {},
      "variableScope": Object {
        "$ref": 8,
      },
      "variables": Array [],
    },
  ],
  "functionExpressionScope": false,
  "isStrict": false,
  "references": Array [],
  "throughReferences": Array [],
  "type": "global",
  "upperScope": null,
  "variableMap": Object {},
  "variableScope": Object {
    "$ref": 9,
  },
  "variables": Array [],
}
`;
