// Jest Snapshot v1, https://goo.gl/fbAQLP

exports[`/Users/bradzacher/github/typescript-eslint/packages/shared-fixtures/fixtures/typescript/basics/class-with-extends-and-implements.src.ts parses with location information 1`] = `
Object {
  "$id": 5,
  "block": Object {
    "range": Array [
      0,
      81,
    ],
    "type": "Program",
  },
  "childScopes": Array [
    Object {
      "$id": 4,
      "block": Object {
        "range": Array [
          0,
          81,
        ],
        "type": "Program",
      },
      "childScopes": Array [
        Object {
          "$id": 3,
          "block": Object {
            "range": Array [
              0,
              80,
            ],
            "type": "ClassDeclaration",
          },
          "childScopes": Array [],
          "functionExpressionScope": false,
          "isStrict": true,
          "references": Array [],
          "throughReferences": Array [],
          "type": "class",
          "upperScope": Object {
            "$ref": 4,
          },
          "variableMap": Object {
            "ClassWithParentAndInterface": Object {
              "$ref": 2,
            },
          },
          "variableScope": Object {
            "$ref": 4,
          },
          "variables": Array [
            Object {
              "$id": 2,
              "defs": Array [
                Object {
                  "name": Object {
                    "name": "ClassWithParentAndInterface",
                    "range": Array [
                      6,
                      33,
                    ],
                    "type": "Identifier",
                  },
                  "node": Object {
                    "range": Array [
                      0,
                      80,
                    ],
                    "type": "ClassDeclaration",
                  },
                  "parent": undefined,
                  "type": "ClassName",
                },
              ],
              "eslintUsed": undefined,
              "identifiers": Array [
                Object {
                  "name": "ClassWithParentAndInterface",
                  "range": Array [
                    6,
                    33,
                  ],
                  "type": "Identifier",
                },
              ],
              "name": "ClassWithParentAndInterface",
              "references": Array [],
              "scope": Object {
                "$ref": 3,
              },
            },
          ],
        },
      ],
      "functionExpressionScope": false,
      "isStrict": true,
      "references": Array [
        Object {
          "$id": 1,
          "from": Object {
            "$ref": 4,
          },
          "identifier": Object {
            "name": "MyOtherClass",
            "range": Array [
              42,
              54,
            ],
            "type": "Identifier",
          },
          "kind": "r",
          "resolved": null,
          "writeExpr": undefined,
        },
      ],
      "throughReferences": Array [
        Object {
          "$ref": 1,
        },
      ],
      "type": "module",
      "upperScope": Object {
        "$ref": 5,
      },
      "variableMap": Object {
        "ClassWithParentAndInterface": Object {
          "$ref": 0,
        },
      },
      "variableScope": Object {
        "$ref": 4,
      },
      "variables": Array [
        Object {
          "$id": 0,
          "defs": Array [
            Object {
              "name": Object {
                "name": "ClassWithParentAndInterface",
                "range": Array [
                  6,
                  33,
                ],
                "type": "Identifier",
              },
              "node": Object {
                "range": Array [
                  0,
                  80,
                ],
                "type": "ClassDeclaration",
              },
              "parent": null,
              "type": "ClassName",
            },
          ],
          "eslintUsed": undefined,
          "identifiers": Array [
            Object {
              "name": "ClassWithParentAndInterface",
              "range": Array [
                6,
                33,
              ],
              "type": "Identifier",
            },
          ],
          "name": "ClassWithParentAndInterface",
          "references": Array [],
          "scope": Object {
            "$ref": 4,
          },
        },
      ],
    },
  ],
  "functionExpressionScope": false,
  "isStrict": false,
  "references": Array [],
  "throughReferences": Array [
    Object {
      "$ref": 1,
    },
  ],
  "type": "global",
  "upperScope": null,
  "variableMap": Object {},
  "variableScope": Object {
    "$ref": 5,
  },
  "variables": Array [],
}
`;
