// Jest Snapshot v1, https://goo.gl/fbAQLP

exports[`/Users/bradzacher/github/typescript-eslint/packages/shared-fixtures/fixtures/typescript/basics/function-with-types-assignation.src.ts parses with location information 1`] = `
Object {
  "$id": 9,
  "block": Object {
    "range": Array [
      0,
      97,
    ],
    "type": "Program",
  },
  "childScopes": Array [
    Object {
      "$id": 8,
      "block": Object {
        "range": Array [
          0,
          97,
        ],
        "type": "Program",
      },
      "childScopes": Array [
        Object {
          "$id": 7,
          "block": Object {
            "range": Array [
              0,
              96,
            ],
            "type": "FunctionDeclaration",
          },
          "childScopes": Array [],
          "functionExpressionScope": false,
          "isStrict": true,
          "references": Array [
            Object {
              "$id": 5,
              "from": Object {
                "$ref": 7,
              },
              "identifier": Object {
                "name": "age",
                "range": Array [
                  30,
                  40,
                ],
                "type": "Identifier",
              },
              "kind": "w",
              "resolved": Object {
                "$ref": 3,
              },
              "writeExpr": Object {
                "range": Array [
                  43,
                  46,
                ],
                "type": "Literal",
              },
            },
            Object {
              "$id": 6,
              "from": Object {
                "$ref": 7,
              },
              "identifier": Object {
                "name": "name",
                "range": Array [
                  89,
                  93,
                ],
                "type": "Identifier",
              },
              "kind": "r",
              "resolved": Object {
                "$ref": 2,
              },
              "writeExpr": undefined,
            },
          ],
          "throughReferences": Array [],
          "type": "function",
          "upperScope": Object {
            "$ref": 8,
          },
          "variableMap": Object {
            "age": Object {
              "$ref": 3,
            },
            "args": Object {
              "$ref": 4,
            },
            "arguments": Object {
              "$ref": 1,
            },
            "name": Object {
              "$ref": 2,
            },
          },
          "variableScope": Object {
            "$ref": 7,
          },
          "variables": Array [
            Object {
              "$id": 1,
              "defs": Array [],
              "eslintUsed": undefined,
              "identifiers": Array [],
              "name": "arguments",
              "references": Array [],
              "scope": Object {
                "$ref": 7,
              },
            },
            Object {
              "$id": 2,
              "defs": Array [
                Object {
                  "name": Object {
                    "name": "name",
                    "range": Array [
                      17,
                      28,
                    ],
                    "type": "Identifier",
                  },
                  "node": Object {
                    "range": Array [
                      0,
                      96,
                    ],
                    "type": "FunctionDeclaration",
                  },
                  "parent": null,
                  "type": "Parameter",
                },
              ],
              "eslintUsed": undefined,
              "identifiers": Array [
                Object {
                  "name": "name",
                  "range": Array [
                    17,
                    28,
                  ],
                  "type": "Identifier",
                },
              ],
              "name": "name",
              "references": Array [
                Object {
                  "$ref": 6,
                },
              ],
              "scope": Object {
                "$ref": 7,
              },
            },
            Object {
              "$id": 3,
              "defs": Array [
                Object {
                  "name": Object {
                    "name": "age",
                    "range": Array [
                      30,
                      40,
                    ],
                    "type": "Identifier",
                  },
                  "node": Object {
                    "range": Array [
                      0,
                      96,
                    ],
                    "type": "FunctionDeclaration",
                  },
                  "parent": null,
                  "type": "Parameter",
                },
              ],
              "eslintUsed": undefined,
              "identifiers": Array [
                Object {
                  "name": "age",
                  "range": Array [
                    30,
                    40,
                  ],
                  "type": "Identifier",
                },
              ],
              "name": "age",
              "references": Array [
                Object {
                  "$ref": 5,
                },
              ],
              "scope": Object {
                "$ref": 7,
              },
            },
            Object {
              "$id": 4,
              "defs": Array [
                Object {
                  "name": Object {
                    "name": "args",
                    "range": Array [
                      51,
                      55,
                    ],
                    "type": "Identifier",
                  },
                  "node": Object {
                    "range": Array [
                      0,
                      96,
                    ],
                    "type": "FunctionDeclaration",
                  },
                  "parent": null,
                  "type": "Parameter",
                },
              ],
              "eslintUsed": undefined,
              "identifiers": Array [
                Object {
                  "name": "args",
                  "range": Array [
                    51,
                    55,
                  ],
                  "type": "Identifier",
                },
              ],
              "name": "args",
              "references": Array [],
              "scope": Object {
                "$ref": 7,
              },
            },
          ],
        },
      ],
      "functionExpressionScope": false,
      "isStrict": true,
      "references": Array [],
      "throughReferences": Array [],
      "type": "module",
      "upperScope": Object {
        "$ref": 9,
      },
      "variableMap": Object {
        "message": Object {
          "$ref": 0,
        },
      },
      "variableScope": Object {
        "$ref": 8,
      },
      "variables": Array [
        Object {
          "$id": 0,
          "defs": Array [
            Object {
              "name": Object {
                "name": "message",
                "range": Array [
                  9,
                  16,
                ],
                "type": "Identifier",
              },
              "node": Object {
                "range": Array [
                  0,
                  96,
                ],
                "type": "FunctionDeclaration",
              },
              "parent": null,
              "type": "FunctionName",
            },
          ],
          "eslintUsed": undefined,
          "identifiers": Array [
            Object {
              "name": "message",
              "range": Array [
                9,
                16,
              ],
              "type": "Identifier",
            },
          ],
          "name": "message",
          "references": Array [],
          "scope": Object {
            "$ref": 8,
          },
        },
      ],
    },
  ],
  "functionExpressionScope": false,
  "isStrict": false,
  "references": Array [],
  "throughReferences": Array [],
  "type": "global",
  "upperScope": null,
  "variableMap": Object {},
  "variableScope": Object {
    "$ref": 9,
  },
  "variables": Array [],
}
`;
