// Jest Snapshot v1, https://goo.gl/fbAQLP

exports[`../shared-fixtures/fixtures/javascript/callExpression/mixed-expression.src.js parses with location information 1`] = `
Object {
  "$id": 5,
  "block": Object {
    "range": Array [
      0,
      72,
    ],
    "type": "Program",
  },
  "childScopes": Array [
    Object {
      "$id": 4,
      "block": Object {
        "range": Array [
          0,
          72,
        ],
        "type": "Program",
      },
      "childScopes": Array [
        Object {
          "$id": 3,
          "block": Object {
            "range": Array [
              1,
              65,
            ],
            "type": "FunctionExpression",
          },
          "childScopes": Array [
            Object {
              "$id": 2,
              "block": Object {
                "range": Array [
                  18,
                  57,
                ],
                "type": "FunctionExpression",
              },
              "childScopes": Array [],
              "functionExpressionScope": false,
              "isStrict": true,
              "references": Array [],
              "throughReferences": Array [],
              "type": "function",
              "upperScope": Object {
                "$ref": 3,
              },
              "variableMap": Object {
                "arguments": Object {
                  "$ref": 1,
                },
              },
              "variableScope": Object {
                "$ref": 2,
              },
              "variables": Array [
                Object {
                  "$id": 1,
                  "defs": Array [],
                  "eslintUsed": undefined,
                  "identifiers": Array [],
                  "name": "arguments",
                  "references": Array [],
                  "scope": Object {
                    "$ref": 2,
                  },
                },
              ],
            },
          ],
          "functionExpressionScope": false,
          "isStrict": true,
          "references": Array [],
          "throughReferences": Array [],
          "type": "function",
          "upperScope": Object {
            "$ref": 4,
          },
          "variableMap": Object {
            "arguments": Object {
              "$ref": 0,
            },
          },
          "variableScope": Object {
            "$ref": 3,
          },
          "variables": Array [
            Object {
              "$id": 0,
              "defs": Array [],
              "eslintUsed": undefined,
              "identifiers": Array [],
              "name": "arguments",
              "references": Array [],
              "scope": Object {
                "$ref": 3,
              },
            },
          ],
        },
      ],
      "functionExpressionScope": false,
      "isStrict": true,
      "references": Array [],
      "throughReferences": Array [],
      "type": "module",
      "upperScope": Object {
        "$ref": 5,
      },
      "variableMap": Object {},
      "variableScope": Object {
        "$ref": 4,
      },
      "variables": Array [],
    },
  ],
  "functionExpressionScope": false,
  "isStrict": false,
  "references": Array [],
  "throughReferences": Array [],
  "type": "global",
  "upperScope": null,
  "variableMap": Object {},
  "variableScope": Object {
    "$ref": 5,
  },
  "variables": Array [],
}
`;
