// Jest Snapshot v1, https://goo.gl/fbAQLP

exports[`/Users/bradzacher/github/typescript-eslint/packages/shared-fixtures/fixtures/javascript/forIn/for-in-object.src.js parses without location information 1`] = `"';' expected."`;
