// Jest Snapshot v1, https://goo.gl/fbAQLP

exports[`/Users/bradzacher/github/typescript-eslint/packages/shared-fixtures/fixtures/javascript/defaultParams/not-all-params.src.js parses with location information 1`] = `
Object {
  "$id": 9,
  "block": Object {
    "range": Array [
      0,
      36,
    ],
    "type": "Program",
  },
  "childScopes": Array [
    Object {
      "$id": 8,
      "block": Object {
        "range": Array [
          0,
          36,
        ],
        "type": "Program",
      },
      "childScopes": Array [
        Object {
          "$id": 7,
          "block": Object {
            "range": Array [
              10,
              35,
            ],
            "type": "FunctionExpression",
          },
          "childScopes": Array [],
          "functionExpressionScope": false,
          "isStrict": true,
          "references": Array [
            Object {
              "$id": 6,
              "from": Object {
                "$ref": 7,
              },
              "identifier": Object {
                "name": "b",
                "range": Array [
                  22,
                  23,
                ],
                "type": "Identifier",
              },
              "kind": "w",
              "resolved": Object {
                "$ref": 4,
              },
              "writeExpr": Object {
                "range": Array [
                  26,
                  28,
                ],
                "type": "Literal",
              },
            },
          ],
          "throughReferences": Array [],
          "type": "function",
          "upperScope": Object {
            "$ref": 8,
          },
          "variableMap": Object {
            "a": Object {
              "$ref": 3,
            },
            "arguments": Object {
              "$ref": 2,
            },
            "b": Object {
              "$ref": 4,
            },
            "c": Object {
              "$ref": 5,
            },
          },
          "variableScope": Object {
            "$ref": 7,
          },
          "variables": Array [
            Object {
              "$id": 2,
              "defs": Array [],
              "eslintUsed": undefined,
              "identifiers": Array [],
              "name": "arguments",
              "references": Array [],
              "scope": Object {
                "$ref": 7,
              },
            },
            Object {
              "$id": 3,
              "defs": Array [
                Object {
                  "name": Object {
                    "name": "a",
                    "range": Array [
                      19,
                      20,
                    ],
                    "type": "Identifier",
                  },
                  "node": Object {
                    "range": Array [
                      10,
                      35,
                    ],
                    "type": "FunctionExpression",
                  },
                  "parent": null,
                  "type": "Parameter",
                },
              ],
              "eslintUsed": undefined,
              "identifiers": Array [
                Object {
                  "name": "a",
                  "range": Array [
                    19,
                    20,
                  ],
                  "type": "Identifier",
                },
              ],
              "name": "a",
              "references": Array [],
              "scope": Object {
                "$ref": 7,
              },
            },
            Object {
              "$id": 4,
              "defs": Array [
                Object {
                  "name": Object {
                    "name": "b",
                    "range": Array [
                      22,
                      23,
                    ],
                    "type": "Identifier",
                  },
                  "node": Object {
                    "range": Array [
                      10,
                      35,
                    ],
                    "type": "FunctionExpression",
                  },
                  "parent": null,
                  "type": "Parameter",
                },
              ],
              "eslintUsed": undefined,
              "identifiers": Array [
                Object {
                  "name": "b",
                  "range": Array [
                    22,
                    23,
                  ],
                  "type": "Identifier",
                },
              ],
              "name": "b",
              "references": Array [
                Object {
                  "$ref": 6,
                },
              ],
              "scope": Object {
                "$ref": 7,
              },
            },
            Object {
              "$id": 5,
              "defs": Array [
                Object {
                  "name": Object {
                    "name": "c",
                    "range": Array [
                      30,
                      31,
                    ],
                    "type": "Identifier",
                  },
                  "node": Object {
                    "range": Array [
                      10,
                      35,
                    ],
                    "type": "FunctionExpression",
                  },
                  "parent": null,
                  "type": "Parameter",
                },
              ],
              "eslintUsed": undefined,
              "identifiers": Array [
                Object {
                  "name": "c",
                  "range": Array [
                    30,
                    31,
                  ],
                  "type": "Identifier",
                },
              ],
              "name": "c",
              "references": Array [],
              "scope": Object {
                "$ref": 7,
              },
            },
          ],
        },
      ],
      "functionExpressionScope": false,
      "isStrict": true,
      "references": Array [
        Object {
          "$id": 1,
          "from": Object {
            "$ref": 8,
          },
          "identifier": Object {
            "name": "foo",
            "range": Array [
              4,
              7,
            ],
            "type": "Identifier",
          },
          "kind": "w",
          "resolved": Object {
            "$ref": 0,
          },
          "writeExpr": Object {
            "range": Array [
              10,
              35,
            ],
            "type": "FunctionExpression",
          },
        },
      ],
      "throughReferences": Array [],
      "type": "module",
      "upperScope": Object {
        "$ref": 9,
      },
      "variableMap": Object {
        "foo": Object {
          "$ref": 0,
        },
      },
      "variableScope": Object {
        "$ref": 8,
      },
      "variables": Array [
        Object {
          "$id": 0,
          "defs": Array [
            Object {
              "name": Object {
                "name": "foo",
                "range": Array [
                  4,
                  7,
                ],
                "type": "Identifier",
              },
              "node": Object {
                "range": Array [
                  4,
                  35,
                ],
                "type": "VariableDeclarator",
              },
              "parent": Object {
                "range": Array [
                  0,
                  36,
                ],
                "type": "VariableDeclaration",
              },
              "type": "Variable",
            },
          ],
          "eslintUsed": undefined,
          "identifiers": Array [
            Object {
              "name": "foo",
              "range": Array [
                4,
                7,
              ],
              "type": "Identifier",
            },
          ],
          "name": "foo",
          "references": Array [
            Object {
              "$ref": 1,
            },
          ],
          "scope": Object {
            "$ref": 8,
          },
        },
      ],
    },
  ],
  "functionExpressionScope": false,
  "isStrict": false,
  "references": Array [],
  "throughReferences": Array [],
  "type": "global",
  "upperScope": null,
  "variableMap": Object {},
  "variableScope": Object {
    "$ref": 9,
  },
  "variables": Array [],
}
`;
