// Jest Snapshot v1, https://goo.gl/fbAQLP

exports[`../shared-fixtures/fixtures/typescript/basics/var-with-definite-assignment.src.ts parses with location information 1`] = `
Object {
  "$id": 4,
  "block": Object {
    "range": Array [
      0,
      50,
    ],
    "type": "Program",
  },
  "childScopes": Array [
    Object {
      "$id": 3,
      "block": Object {
        "range": Array [
          0,
          50,
        ],
        "type": "Program",
      },
      "childScopes": Array [],
      "functionExpressionScope": false,
      "isStrict": true,
      "references": Array [],
      "throughReferences": Array [],
      "type": "module",
      "upperScope": Object {
        "$ref": 4,
      },
      "variableMap": Object {
        "x": Object {
          "$ref": 0,
        },
        "y": Object {
          "$ref": 1,
        },
        "z": Object {
          "$ref": 2,
        },
      },
      "variableScope": Object {
        "$ref": 3,
      },
      "variables": Array [
        Object {
          "$id": 0,
          "defs": Array [
            Object {
              "name": Object {
                "name": "x",
                "range": Array [
                  6,
                  16,
                ],
                "type": "Identifier",
              },
              "node": Object {
                "range": Array [
                  6,
                  16,
                ],
                "type": "VariableDeclarator",
              },
              "parent": Object {
                "range": Array [
                  0,
                  17,
                ],
                "type": "VariableDeclaration",
              },
              "type": "Variable",
            },
          ],
          "eslintUsed": undefined,
          "identifiers": Array [
            Object {
              "name": "x",
              "range": Array [
                6,
                16,
              ],
              "type": "Identifier",
            },
          ],
          "name": "x",
          "references": Array [],
          "scope": Object {
            "$ref": 3,
          },
        },
        Object {
          "$id": 1,
          "defs": Array [
            Object {
              "name": Object {
                "name": "y",
                "range": Array [
                  22,
                  32,
                ],
                "type": "Identifier",
              },
              "node": Object {
                "range": Array [
                  22,
                  32,
                ],
                "type": "VariableDeclarator",
              },
              "parent": Object {
                "range": Array [
                  18,
                  33,
                ],
                "type": "VariableDeclaration",
              },
              "type": "Variable",
            },
          ],
          "eslintUsed": undefined,
          "identifiers": Array [
            Object {
              "name": "y",
              "range": Array [
                22,
                32,
              ],
              "type": "Identifier",
            },
          ],
          "name": "y",
          "references": Array [],
          "scope": Object {
            "$ref": 3,
          },
        },
        Object {
          "$id": 2,
          "defs": Array [
            Object {
              "name": Object {
                "name": "z",
                "range": Array [
                  38,
                  48,
                ],
                "type": "Identifier",
              },
              "node": Object {
                "range": Array [
                  38,
                  48,
                ],
                "type": "VariableDeclarator",
              },
              "parent": Object {
                "range": Array [
                  34,
                  49,
                ],
                "type": "VariableDeclaration",
              },
              "type": "Variable",
            },
          ],
          "eslintUsed": undefined,
          "identifiers": Array [
            Object {
              "name": "z",
              "range": Array [
                38,
                48,
              ],
              "type": "Identifier",
            },
          ],
          "name": "z",
          "references": Array [],
          "scope": Object {
            "$ref": 3,
          },
        },
      ],
    },
  ],
  "functionExpressionScope": false,
  "isStrict": false,
  "references": Array [],
  "throughReferences": Array [],
  "type": "global",
  "upperScope": null,
  "variableMap": Object {},
  "variableScope": Object {
    "$ref": 4,
  },
  "variables": Array [],
}
`;
