// Jest Snapshot v1, https://goo.gl/fbAQLP

exports[`../shared-fixtures/fixtures/comments/no-comment-template.src.js parses with location information 1`] = `
Object {
  "$id": 4,
  "block": Object {
    "range": Array [
      0,
      38,
    ],
    "type": "Program",
  },
  "childScopes": Array [
    Object {
      "$id": 3,
      "block": Object {
        "range": Array [
          0,
          38,
        ],
        "type": "Program",
      },
      "childScopes": Array [],
      "functionExpressionScope": false,
      "isStrict": true,
      "references": Array [
        Object {
          "$id": 1,
          "from": Object {
            "$ref": 3,
          },
          "identifier": Object {
            "name": "str",
            "range": Array [
              6,
              9,
            ],
            "type": "Identifier",
          },
          "kind": "w",
          "resolved": Object {
            "$ref": 0,
          },
          "writeExpr": Object {
            "range": Array [
              12,
              36,
            ],
            "type": "TemplateLiteral",
          },
        },
        Object {
          "$id": 2,
          "from": Object {
            "$ref": 3,
          },
          "identifier": Object {
            "name": "__dirname",
            "range": Array [
              15,
              24,
            ],
            "type": "Identifier",
          },
          "kind": "r",
          "resolved": null,
          "writeExpr": undefined,
        },
      ],
      "throughReferences": Array [
        Object {
          "$ref": 2,
        },
      ],
      "type": "module",
      "upperScope": Object {
        "$ref": 4,
      },
      "variableMap": Object {
        "str": Object {
          "$ref": 0,
        },
      },
      "variableScope": Object {
        "$ref": 3,
      },
      "variables": Array [
        Object {
          "$id": 0,
          "defs": Array [
            Object {
              "name": Object {
                "name": "str",
                "range": Array [
                  6,
                  9,
                ],
                "type": "Identifier",
              },
              "node": Object {
                "range": Array [
                  6,
                  36,
                ],
                "type": "VariableDeclarator",
              },
              "parent": Object {
                "range": Array [
                  0,
                  37,
                ],
                "type": "VariableDeclaration",
              },
              "type": "Variable",
            },
          ],
          "eslintUsed": undefined,
          "identifiers": Array [
            Object {
              "name": "str",
              "range": Array [
                6,
                9,
              ],
              "type": "Identifier",
            },
          ],
          "name": "str",
          "references": Array [
            Object {
              "$ref": 1,
            },
          ],
          "scope": Object {
            "$ref": 3,
          },
        },
      ],
    },
  ],
  "functionExpressionScope": false,
  "isStrict": false,
  "references": Array [],
  "throughReferences": Array [
    Object {
      "$ref": 2,
    },
  ],
  "type": "global",
  "upperScope": null,
  "variableMap": Object {},
  "variableScope": Object {
    "$ref": 4,
  },
  "variables": Array [],
}
`;
