// Jest Snapshot v1, https://goo.gl/fbAQLP

exports[`../shared-fixtures/fixtures/javascript/bigIntLiterals/hex.src.js parses with location information 1`] = `
Object {
  "body": Array [
    Object {
      "expression": Object {
        "loc": Object {
          "end": Object {
            "column": 4,
            "line": 1,
          },
          "start": Object {
            "column": 0,
            "line": 1,
          },
        },
        "range": Array [
          0,
          4,
        ],
        "raw": "0x1n",
        "type": "BigIntLiteral",
        "value": "0x1",
      },
      "loc": Object {
        "end": Object {
          "column": 5,
          "line": 1,
        },
        "start": Object {
          "column": 0,
          "line": 1,
        },
      },
      "range": Array [
        0,
        5,
      ],
      "type": "ExpressionStatement",
    },
  ],
  "comments": Array [],
  "loc": Object {
    "end": Object {
      "column": 0,
      "line": 2,
    },
    "start": Object {
      "column": 0,
      "line": 1,
    },
  },
  "range": Array [
    0,
    6,
  ],
  "sourceType": "script",
  "tokens": Array [
    Object {
      "loc": Object {
        "end": Object {
          "column": 4,
          "line": 1,
        },
        "start": Object {
          "column": 0,
          "line": 1,
        },
      },
      "range": Array [
        0,
        4,
      ],
      "type": "Identifier",
      "value": "0x1n",
    },
    Object {
      "loc": Object {
        "end": Object {
          "column": 5,
          "line": 1,
        },
        "start": Object {
          "column": 4,
          "line": 1,
        },
      },
      "range": Array [
        4,
        5,
      ],
      "type": "Punctuator",
      "value": ";",
    },
  ],
  "type": "Program",
}
`;
