// Jest Snapshot v1, https://goo.gl/fbAQLP

exports[`/Users/bradzacher/github/typescript-eslint/packages/shared-fixtures/fixtures/javascript/destructuring/param-defaults-object.src.js parses with location information 1`] = `
Object {
  "$id": 6,
  "block": Object {
    "range": Array [
      0,
      23,
    ],
    "type": "Program",
  },
  "childScopes": Array [
    Object {
      "$id": 5,
      "block": Object {
        "range": Array [
          0,
          23,
        ],
        "type": "Program",
      },
      "childScopes": Array [
        Object {
          "$id": 4,
          "block": Object {
            "range": Array [
              0,
              23,
            ],
            "type": "FunctionDeclaration",
          },
          "childScopes": Array [],
          "functionExpressionScope": false,
          "isStrict": true,
          "references": Array [
            Object {
              "$id": 3,
              "from": Object {
                "$ref": 4,
              },
              "identifier": Object {
                "name": "x",
                "range": Array [
                  12,
                  13,
                ],
                "type": "Identifier",
              },
              "kind": "w",
              "resolved": Object {
                "$ref": 2,
              },
              "writeExpr": Object {
                "range": Array [
                  16,
                  18,
                ],
                "type": "Literal",
              },
            },
          ],
          "throughReferences": Array [],
          "type": "function",
          "upperScope": Object {
            "$ref": 5,
          },
          "variableMap": Object {
            "arguments": Object {
              "$ref": 1,
            },
            "x": Object {
              "$ref": 2,
            },
          },
          "variableScope": Object {
            "$ref": 4,
          },
          "variables": Array [
            Object {
              "$id": 1,
              "defs": Array [],
              "eslintUsed": undefined,
              "identifiers": Array [],
              "name": "arguments",
              "references": Array [],
              "scope": Object {
                "$ref": 4,
              },
            },
            Object {
              "$id": 2,
              "defs": Array [
                Object {
                  "name": Object {
                    "name": "x",
                    "range": Array [
                      12,
                      13,
                    ],
                    "type": "Identifier",
                  },
                  "node": Object {
                    "range": Array [
                      0,
                      23,
                    ],
                    "type": "FunctionDeclaration",
                  },
                  "parent": null,
                  "type": "Parameter",
                },
              ],
              "eslintUsed": undefined,
              "identifiers": Array [
                Object {
                  "name": "x",
                  "range": Array [
                    12,
                    13,
                  ],
                  "type": "Identifier",
                },
              ],
              "name": "x",
              "references": Array [
                Object {
                  "$ref": 3,
                },
              ],
              "scope": Object {
                "$ref": 4,
              },
            },
          ],
        },
      ],
      "functionExpressionScope": false,
      "isStrict": true,
      "references": Array [],
      "throughReferences": Array [],
      "type": "module",
      "upperScope": Object {
        "$ref": 6,
      },
      "variableMap": Object {
        "a": Object {
          "$ref": 0,
        },
      },
      "variableScope": Object {
        "$ref": 5,
      },
      "variables": Array [
        Object {
          "$id": 0,
          "defs": Array [
            Object {
              "name": Object {
                "name": "a",
                "range": Array [
                  9,
                  10,
                ],
                "type": "Identifier",
              },
              "node": Object {
                "range": Array [
                  0,
                  23,
                ],
                "type": "FunctionDeclaration",
              },
              "parent": null,
              "type": "FunctionName",
            },
          ],
          "eslintUsed": undefined,
          "identifiers": Array [
            Object {
              "name": "a",
              "range": Array [
                9,
                10,
              ],
              "type": "Identifier",
            },
          ],
          "name": "a",
          "references": Array [],
          "scope": Object {
            "$ref": 5,
          },
        },
      ],
    },
  ],
  "functionExpressionScope": false,
  "isStrict": false,
  "references": Array [],
  "throughReferences": Array [],
  "type": "global",
  "upperScope": null,
  "variableMap": Object {},
  "variableScope": Object {
    "$ref": 6,
  },
  "variables": Array [],
}
`;
