// Jest Snapshot v1, https://goo.gl/fbAQLP

exports[`../shared-fixtures/fixtures/javascript/labels/label-continue.src.js parses with location information 1`] = `
Object {
  "$id": 2,
  "block": Object {
    "range": Array [
      0,
      61,
    ],
    "type": "Program",
  },
  "childScopes": Array [
    Object {
      "$id": 1,
      "block": Object {
        "range": Array [
          0,
          61,
        ],
        "type": "Program",
      },
      "childScopes": Array [
        Object {
          "$id": 0,
          "block": Object {
            "range": Array [
              21,
              60,
            ],
            "type": "BlockStatement",
          },
          "childScopes": Array [],
          "functionExpressionScope": false,
          "isStrict": true,
          "references": Array [],
          "throughReferences": Array [],
          "type": "block",
          "upperScope": Object {
            "$ref": 1,
          },
          "variableMap": Object {},
          "variableScope": Object {
            "$ref": 1,
          },
          "variables": Array [],
        },
      ],
      "functionExpressionScope": false,
      "isStrict": true,
      "references": Array [],
      "throughReferences": Array [],
      "type": "module",
      "upperScope": Object {
        "$ref": 2,
      },
      "variableMap": Object {},
      "variableScope": Object {
        "$ref": 1,
      },
      "variables": Array [],
    },
  ],
  "functionExpressionScope": false,
  "isStrict": false,
  "references": Array [],
  "throughReferences": Array [],
  "type": "global",
  "upperScope": null,
  "variableMap": Object {},
  "variableScope": Object {
    "$ref": 2,
  },
  "variables": Array [],
}
`;
