// Jest Snapshot v1, https://goo.gl/fbAQLP

exports[`/Users/bradzacher/github/typescript-eslint/packages/shared-fixtures/fixtures/javascript/modules/error-delete.src.js parses with location information 1`] = `
Object {
  "$id": 3,
  "block": Object {
    "range": Array [
      0,
      29,
    ],
    "type": "Program",
  },
  "childScopes": Array [
    Object {
      "$id": 2,
      "block": Object {
        "range": Array [
          0,
          29,
        ],
        "type": "Program",
      },
      "childScopes": Array [],
      "functionExpressionScope": false,
      "isStrict": true,
      "references": Array [
        Object {
          "$id": 1,
          "from": Object {
            "$ref": 2,
          },
          "identifier": Object {
            "name": "x",
            "range": Array [
              26,
              27,
            ],
            "type": "Identifier",
          },
          "kind": "r",
          "resolved": Object {
            "$ref": 0,
          },
          "writeExpr": undefined,
        },
      ],
      "throughReferences": Array [],
      "type": "module",
      "upperScope": Object {
        "$ref": 3,
      },
      "variableMap": Object {
        "x": Object {
          "$ref": 0,
        },
      },
      "variableScope": Object {
        "$ref": 2,
      },
      "variables": Array [
        Object {
          "$id": 0,
          "defs": Array [
            Object {
              "name": Object {
                "name": "x",
                "range": Array [
                  7,
                  8,
                ],
                "type": "Identifier",
              },
              "node": Object {
                "range": Array [
                  7,
                  8,
                ],
                "type": "ImportDefaultSpecifier",
              },
              "parent": Object {
                "range": Array [
                  0,
                  18,
                ],
                "type": "ImportDeclaration",
              },
              "type": "ImportBinding",
            },
          ],
          "eslintUsed": undefined,
          "identifiers": Array [
            Object {
              "name": "x",
              "range": Array [
                7,
                8,
              ],
              "type": "Identifier",
            },
          ],
          "name": "x",
          "references": Array [
            Object {
              "$ref": 1,
            },
          ],
          "scope": Object {
            "$ref": 2,
          },
        },
      ],
    },
  ],
  "functionExpressionScope": false,
  "isStrict": false,
  "references": Array [],
  "throughReferences": Array [],
  "type": "global",
  "upperScope": null,
  "variableMap": Object {},
  "variableScope": Object {
    "$ref": 3,
  },
  "variables": Array [],
}
`;
