// Jest Snapshot v1, https://goo.gl/fbAQLP

exports[`/Users/bradzacher/github/typescript-eslint/packages/shared-fixtures/fixtures/typescript/declare/module.src.ts parses with location information 1`] = `
Object {
  "$id": 3,
  "block": Object {
    "range": Array [
      0,
      24,
    ],
    "type": "Program",
  },
  "childScopes": Array [
    Object {
      "$id": 2,
      "block": Object {
        "range": Array [
          0,
          24,
        ],
        "type": "Program",
      },
      "childScopes": Array [
        Object {
          "$id": 1,
          "block": Object {
            "range": Array [
              19,
              23,
            ],
            "type": "TSModuleBlock",
          },
          "childScopes": Array [],
          "functionExpressionScope": false,
          "isStrict": true,
          "references": Array [],
          "throughReferences": Array [],
          "type": "block",
          "upperScope": Object {
            "$ref": 2,
          },
          "variableMap": Object {},
          "variableScope": Object {
            "$ref": 2,
          },
          "variables": Array [],
        },
      ],
      "functionExpressionScope": false,
      "isStrict": true,
      "references": Array [],
      "throughReferences": Array [],
      "type": "module",
      "upperScope": Object {
        "$ref": 3,
      },
      "variableMap": Object {
        "Foo": Object {
          "$ref": 0,
        },
      },
      "variableScope": Object {
        "$ref": 2,
      },
      "variables": Array [
        Object {
          "$id": 0,
          "defs": Array [
            Object {
              "name": Object {
                "name": "Foo",
                "range": Array [
                  15,
                  18,
                ],
                "type": "Identifier",
              },
              "node": Object {
                "range": Array [
                  0,
                  23,
                ],
                "type": "TSModuleDeclaration",
              },
              "parent": null,
              "type": "NamespaceName",
            },
          ],
          "eslintUsed": undefined,
          "identifiers": Array [
            Object {
              "name": "Foo",
              "range": Array [
                15,
                18,
              ],
              "type": "Identifier",
            },
          ],
          "name": "Foo",
          "references": Array [],
          "scope": Object {
            "$ref": 2,
          },
        },
      ],
    },
  ],
  "functionExpressionScope": false,
  "isStrict": false,
  "references": Array [],
  "throughReferences": Array [],
  "type": "global",
  "upperScope": null,
  "variableMap": Object {},
  "variableScope": Object {
    "$ref": 3,
  },
  "variables": Array [],
}
`;
