// Jest Snapshot v1, https://goo.gl/fbAQLP

exports[`/Users/bradzacher/github/typescript-eslint/packages/shared-fixtures/fixtures/javascript/arrowFunctions/expression.src.js parses with location information 1`] = `
Object {
  "$id": 4,
  "block": Object {
    "range": Array [
      0,
      9,
    ],
    "type": "Program",
  },
  "childScopes": Array [
    Object {
      "$id": 3,
      "block": Object {
        "range": Array [
          0,
          9,
        ],
        "type": "Program",
      },
      "childScopes": Array [
        Object {
          "$id": 2,
          "block": Object {
            "range": Array [
              1,
              7,
            ],
            "type": "ArrowFunctionExpression",
          },
          "childScopes": Array [],
          "functionExpressionScope": false,
          "isStrict": true,
          "references": Array [
            Object {
              "$id": 1,
              "from": Object {
                "$ref": 2,
              },
              "identifier": Object {
                "name": "x",
                "range": Array [
                  6,
                  7,
                ],
                "type": "Identifier",
              },
              "kind": "r",
              "resolved": Object {
                "$ref": 0,
              },
              "writeExpr": undefined,
            },
          ],
          "throughReferences": Array [],
          "type": "function",
          "upperScope": Object {
            "$ref": 3,
          },
          "variableMap": Object {
            "x": Object {
              "$ref": 0,
            },
          },
          "variableScope": Object {
            "$ref": 2,
          },
          "variables": Array [
            Object {
              "$id": 0,
              "defs": Array [
                Object {
                  "name": Object {
                    "name": "x",
                    "range": Array [
                      1,
                      2,
                    ],
                    "type": "Identifier",
                  },
                  "node": Object {
                    "range": Array [
                      1,
                      7,
                    ],
                    "type": "ArrowFunctionExpression",
                  },
                  "parent": null,
                  "type": "Parameter",
                },
              ],
              "eslintUsed": undefined,
              "identifiers": Array [
                Object {
                  "name": "x",
                  "range": Array [
                    1,
                    2,
                  ],
                  "type": "Identifier",
                },
              ],
              "name": "x",
              "references": Array [
                Object {
                  "$ref": 1,
                },
              ],
              "scope": Object {
                "$ref": 2,
              },
            },
          ],
        },
      ],
      "functionExpressionScope": false,
      "isStrict": true,
      "references": Array [],
      "throughReferences": Array [],
      "type": "module",
      "upperScope": Object {
        "$ref": 4,
      },
      "variableMap": Object {},
      "variableScope": Object {
        "$ref": 3,
      },
      "variables": Array [],
    },
  ],
  "functionExpressionScope": false,
  "isStrict": false,
  "references": Array [],
  "throughReferences": Array [],
  "type": "global",
  "upperScope": null,
  "variableMap": Object {},
  "variableScope": Object {
    "$ref": 4,
  },
  "variables": Array [],
}
`;
