// Jest Snapshot v1, https://goo.gl/fbAQLP

exports[`/Users/bradzacher/github/typescript-eslint/packages/shared-fixtures/fixtures/jsx/invalid-unexpected-comma.src.js parses without location information 1`] = `"Identifier expected."`;
