// Jest Snapshot v1, https://goo.gl/fbAQLP

exports[`../shared-fixtures/fixtures/jsx/newslines-and-entities.src.js parses with location information 1`] = `"Invalid character."`;
