// Jest Snapshot v1, https://goo.gl/fbAQLP

exports[`/Users/bradzacher/github/typescript-eslint/packages/shared-fixtures/fixtures/javascript/arrowFunctions/error-strict-param-names.src.js parses with location information 1`] = `
Object {
  "$id": 4,
  "block": Object {
    "range": Array [
      0,
      30,
    ],
    "type": "Program",
  },
  "childScopes": Array [
    Object {
      "$id": 3,
      "block": Object {
        "range": Array [
          0,
          30,
        ],
        "type": "Program",
      },
      "childScopes": Array [
        Object {
          "$id": 2,
          "block": Object {
            "range": Array [
              14,
              29,
            ],
            "type": "ArrowFunctionExpression",
          },
          "childScopes": Array [],
          "functionExpressionScope": false,
          "isStrict": true,
          "references": Array [],
          "throughReferences": Array [],
          "type": "function",
          "upperScope": Object {
            "$ref": 3,
          },
          "variableMap": Object {
            "a": Object {
              "$ref": 1,
            },
            "eval": Object {
              "$ref": 0,
            },
          },
          "variableScope": Object {
            "$ref": 2,
          },
          "variables": Array [
            Object {
              "$id": 0,
              "defs": Array [
                Object {
                  "name": Object {
                    "name": "eval",
                    "range": Array [
                      15,
                      19,
                    ],
                    "type": "Identifier",
                  },
                  "node": Object {
                    "range": Array [
                      14,
                      29,
                    ],
                    "type": "ArrowFunctionExpression",
                  },
                  "parent": null,
                  "type": "Parameter",
                },
              ],
              "eslintUsed": undefined,
              "identifiers": Array [
                Object {
                  "name": "eval",
                  "range": Array [
                    15,
                    19,
                  ],
                  "type": "Identifier",
                },
              ],
              "name": "eval",
              "references": Array [],
              "scope": Object {
                "$ref": 2,
              },
            },
            Object {
              "$id": 1,
              "defs": Array [
                Object {
                  "name": Object {
                    "name": "a",
                    "range": Array [
                      21,
                      22,
                    ],
                    "type": "Identifier",
                  },
                  "node": Object {
                    "range": Array [
                      14,
                      29,
                    ],
                    "type": "ArrowFunctionExpression",
                  },
                  "parent": null,
                  "type": "Parameter",
                },
              ],
              "eslintUsed": undefined,
              "identifiers": Array [
                Object {
                  "name": "a",
                  "range": Array [
                    21,
                    22,
                  ],
                  "type": "Identifier",
                },
              ],
              "name": "a",
              "references": Array [],
              "scope": Object {
                "$ref": 2,
              },
            },
          ],
        },
      ],
      "functionExpressionScope": false,
      "isStrict": true,
      "references": Array [],
      "throughReferences": Array [],
      "type": "module",
      "upperScope": Object {
        "$ref": 4,
      },
      "variableMap": Object {},
      "variableScope": Object {
        "$ref": 3,
      },
      "variables": Array [],
    },
  ],
  "functionExpressionScope": false,
  "isStrict": true,
  "references": Array [],
  "throughReferences": Array [],
  "type": "global",
  "upperScope": null,
  "variableMap": Object {},
  "variableScope": Object {
    "$ref": 4,
  },
  "variables": Array [],
}
`;
