// Jest Snapshot v1, https://goo.gl/fbAQLP

exports[`../shared-fixtures/fixtures/javascript/modules/invalid-import-default-after-named-after-default.src.js parses with location information 1`] = `"'from' expected."`;
