// Jest Snapshot v1, https://goo.gl/fbAQLP

exports[`../shared-fixtures/fixtures/typescript/types/type-operator.src.ts parses with location information 1`] = `
Object {
  "$id": 3,
  "block": Object {
    "range": Array [
      0,
      38,
    ],
    "type": "Program",
  },
  "childScopes": Array [
    Object {
      "$id": 2,
      "block": Object {
        "range": Array [
          0,
          38,
        ],
        "type": "Program",
      },
      "childScopes": Array [],
      "functionExpressionScope": false,
      "isStrict": true,
      "references": Array [],
      "throughReferences": Array [],
      "type": "module",
      "upperScope": Object {
        "$ref": 3,
      },
      "variableMap": Object {
        "x": Object {
          "$ref": 0,
        },
        "y": Object {
          "$ref": 1,
        },
      },
      "variableScope": Object {
        "$ref": 2,
      },
      "variables": Array [
        Object {
          "$id": 0,
          "defs": Array [
            Object {
              "name": Object {
                "name": "x",
                "range": Array [
                  4,
                  14,
                ],
                "type": "Identifier",
              },
              "node": Object {
                "range": Array [
                  4,
                  14,
                ],
                "type": "VariableDeclarator",
              },
              "parent": Object {
                "range": Array [
                  0,
                  15,
                ],
                "type": "VariableDeclaration",
              },
              "type": "Variable",
            },
          ],
          "eslintUsed": undefined,
          "identifiers": Array [
            Object {
              "name": "x",
              "range": Array [
                4,
                14,
              ],
              "type": "Identifier",
            },
          ],
          "name": "x",
          "references": Array [],
          "scope": Object {
            "$ref": 2,
          },
        },
        Object {
          "$id": 1,
          "defs": Array [
            Object {
              "name": Object {
                "name": "y",
                "range": Array [
                  20,
                  36,
                ],
                "type": "Identifier",
              },
              "node": Object {
                "range": Array [
                  20,
                  36,
                ],
                "type": "VariableDeclarator",
              },
              "parent": Object {
                "range": Array [
                  16,
                  37,
                ],
                "type": "VariableDeclaration",
              },
              "type": "Variable",
            },
          ],
          "eslintUsed": undefined,
          "identifiers": Array [
            Object {
              "name": "y",
              "range": Array [
                20,
                36,
              ],
              "type": "Identifier",
            },
          ],
          "name": "y",
          "references": Array [],
          "scope": Object {
            "$ref": 2,
          },
        },
      ],
    },
  ],
  "functionExpressionScope": false,
  "isStrict": false,
  "references": Array [],
  "throughReferences": Array [],
  "type": "global",
  "upperScope": null,
  "variableMap": Object {},
  "variableScope": Object {
    "$ref": 3,
  },
  "variables": Array [],
}
`;
